-- Logs begin at Mon 2018-09-17 00:31:10 PDT, end at Mon 2018-09-17 14:57:23 PDT. --
Sep 17 14:34:26 localhost kernel: Linux version 4.18.7-300.fc29.x86_64 (mockbuild@bkernel04.phx2.fedoraproject.org) (gcc version 8.2.1 20180801 (Red Hat 8.2.1-2) (GCC)) #1 SMP Mon Sep 10 15:37:17 UTC 2018
Sep 17 14:34:26 localhost kernel: Command line: BOOT_IMAGE=/ostree/fedora-workstation-1dff7dec65217518a3a01636abf6d7d930f40c4a5091a40ed0d827d42719921b/vmlinuz-4.18.7-300.fc29.x86_64 resume=UUID=90704e22-407e-488f-9f27-6b87a2aa035a video=1366x768@60 rhgb root=UUID=fa2718f7-3fee-49b1-acdc-02381a67afad ostree=/ostree/boot.0/fedora-workstation/1dff7dec65217518a3a01636abf6d7d930f40c4a5091a40ed0d827d42719921b/0
Sep 17 14:34:26 localhost kernel: random: get_random_u32 called from bsp_init_amd+0x20b/0x2b0 with crng_init=0
Sep 17 14:34:26 localhost kernel: x86/fpu: Supporting XSAVE feature 0x001: 'x87 floating point registers'
Sep 17 14:34:26 localhost kernel: x86/fpu: Supporting XSAVE feature 0x002: 'SSE registers'
Sep 17 14:34:26 localhost kernel: x86/fpu: Supporting XSAVE feature 0x004: 'AVX registers'
Sep 17 14:34:26 localhost kernel: x86/fpu: xstate_offset[2]:  576, xstate_sizes[2]:  256
Sep 17 14:34:26 localhost kernel: x86/fpu: Enabled xstate features 0x7, context size is 832 bytes, using 'standard' format.
Sep 17 14:34:26 localhost kernel: BIOS-provided physical RAM map:
Sep 17 14:34:26 localhost kernel: BIOS-e820: [mem 0x0000000000000000-0x000000000009e7ff] usable
Sep 17 14:34:26 localhost kernel: BIOS-e820: [mem 0x000000000009e800-0x000000000009ffff] reserved
Sep 17 14:34:26 localhost kernel: BIOS-e820: [mem 0x00000000000e0000-0x00000000000fffff] reserved
Sep 17 14:34:26 localhost kernel: BIOS-e820: [mem 0x0000000000100000-0x00000000ba812fff] usable
Sep 17 14:34:26 localhost kernel: BIOS-e820: [mem 0x00000000ba813000-0x00000000baaeefff] reserved
Sep 17 14:34:26 localhost kernel: BIOS-e820: [mem 0x00000000baaef000-0x00000000baafefff] ACPI data
Sep 17 14:34:26 localhost kernel: BIOS-e820: [mem 0x00000000baaff000-0x00000000bb902fff] ACPI NVS
Sep 17 14:34:26 localhost kernel: BIOS-e820: [mem 0x00000000bb903000-0x00000000bca33fff] reserved
Sep 17 14:34:26 localhost kernel: BIOS-e820: [mem 0x00000000bca34000-0x00000000bca34fff] usable
Sep 17 14:34:26 localhost kernel: BIOS-e820: [mem 0x00000000bca35000-0x00000000bcc3afff] ACPI NVS
Sep 17 14:34:26 localhost kernel: BIOS-e820: [mem 0x00000000bcc3b000-0x00000000bd082fff] usable
Sep 17 14:34:26 localhost kernel: BIOS-e820: [mem 0x00000000bd083000-0x00000000bd7f3fff] reserved
Sep 17 14:34:26 localhost kernel: BIOS-e820: [mem 0x00000000bd7f4000-0x00000000bd7fffff] usable
Sep 17 14:34:26 localhost kernel: BIOS-e820: [mem 0x00000000f8000000-0x00000000fbffffff] reserved
Sep 17 14:34:26 localhost kernel: BIOS-e820: [mem 0x00000000fec00000-0x00000000fec00fff] reserved
Sep 17 14:34:26 localhost kernel: BIOS-e820: [mem 0x00000000fec10000-0x00000000fec10fff] reserved
Sep 17 14:34:26 localhost kernel: BIOS-e820: [mem 0x00000000fec20000-0x00000000fec20fff] reserved
Sep 17 14:34:26 localhost kernel: BIOS-e820: [mem 0x00000000fed00000-0x00000000fed00fff] reserved
Sep 17 14:34:26 localhost kernel: BIOS-e820: [mem 0x00000000fed61000-0x00000000fed70fff] reserved
Sep 17 14:34:26 localhost kernel: BIOS-e820: [mem 0x00000000fed80000-0x00000000fed8ffff] reserved
Sep 17 14:34:26 localhost kernel: BIOS-e820: [mem 0x00000000fef00000-0x00000000ffffffff] reserved
Sep 17 14:34:26 localhost kernel: BIOS-e820: [mem 0x0000000100001000-0x000000083effffff] usable
Sep 17 14:34:26 localhost kernel: NX (Execute Disable) protection: active
Sep 17 14:34:26 localhost kernel: SMBIOS 2.7 present.
Sep 17 14:34:26 localhost kernel: DMI: To be filled by O.E.M. To be filled by O.E.M./M5A97 R2.0, BIOS 2603 06/26/2015
Sep 17 14:34:26 localhost kernel: e820: update [mem 0x00000000-0x00000fff] usable ==> reserved
Sep 17 14:34:26 localhost kernel: e820: remove [mem 0x000a0000-0x000fffff] usable
Sep 17 14:34:26 localhost kernel: last_pfn = 0x83f000 max_arch_pfn = 0x400000000
Sep 17 14:34:26 localhost kernel: MTRR default type: uncachable
Sep 17 14:34:26 localhost kernel: MTRR fixed ranges enabled:
Sep 17 14:34:26 localhost kernel:   00000-9FFFF write-back
Sep 17 14:34:26 localhost kernel:   A0000-BFFFF write-through
Sep 17 14:34:26 localhost kernel:   C0000-CFFFF write-protect
Sep 17 14:34:26 localhost kernel:   D0000-EBFFF uncachable
Sep 17 14:34:26 localhost kernel:   EC000-FFFFF write-protect
Sep 17 14:34:26 localhost kernel: MTRR variable ranges enabled:
Sep 17 14:34:26 localhost kernel:   0 base 000000000000 mask FFFF80000000 write-back
Sep 17 14:34:26 localhost kernel:   1 base 000080000000 mask FFFFC0000000 write-back
Sep 17 14:34:26 localhost kernel:   2 base 0000BD800000 mask FFFFFF800000 uncachable
Sep 17 14:34:26 localhost kernel:   3 base 0000BE000000 mask FFFFFE000000 uncachable
Sep 17 14:34:26 localhost kernel:   4 disabled
Sep 17 14:34:26 localhost kernel:   5 disabled
Sep 17 14:34:26 localhost kernel:   6 disabled
Sep 17 14:34:26 localhost kernel:   7 disabled
Sep 17 14:34:26 localhost kernel: TOM2: 000000083f000000 aka 33776M
Sep 17 14:34:26 localhost kernel: x86/PAT: Configuration [0-7]: WB  WC  UC- UC  WB  WP  UC- WT  
Sep 17 14:34:26 localhost kernel: e820: update [mem 0xbd800000-0xffffffff] usable ==> reserved
Sep 17 14:34:26 localhost kernel: last_pfn = 0xbd800 max_arch_pfn = 0x400000000
Sep 17 14:34:26 localhost kernel: Base memory trampoline at [(____ptrval____)] 98000 size 24576
Sep 17 14:34:26 localhost kernel: Using GB pages for direct mapping
Sep 17 14:34:26 localhost kernel: BRK [0x463aac000, 0x463aacfff] PGTABLE
Sep 17 14:34:26 localhost kernel: BRK [0x463aad000, 0x463aadfff] PGTABLE
Sep 17 14:34:26 localhost kernel: BRK [0x463aae000, 0x463aaefff] PGTABLE
Sep 17 14:34:26 localhost kernel: BRK [0x463aaf000, 0x463aaffff] PGTABLE
Sep 17 14:34:26 localhost kernel: BRK [0x463ab0000, 0x463ab0fff] PGTABLE
Sep 17 14:34:26 localhost kernel: BRK [0x463ab1000, 0x463ab1fff] PGTABLE
Sep 17 14:34:26 localhost kernel: BRK [0x463ab2000, 0x463ab2fff] PGTABLE
Sep 17 14:34:26 localhost kernel: BRK [0x463ab3000, 0x463ab3fff] PGTABLE
Sep 17 14:34:26 localhost kernel: BRK [0x463ab4000, 0x463ab4fff] PGTABLE
Sep 17 14:34:26 localhost kernel: BRK [0x463ab5000, 0x463ab5fff] PGTABLE
Sep 17 14:34:26 localhost kernel: BRK [0x463ab6000, 0x463ab6fff] PGTABLE
Sep 17 14:34:26 localhost kernel: RAMDISK: [mem 0x31fa1000-0x34fc8fff]
Sep 17 14:34:26 localhost kernel: ACPI: Early table checksum verification disabled
Sep 17 14:34:26 localhost kernel: ACPI: RSDP 0x00000000000F0490 000024 (v02 ALASKA)
Sep 17 14:34:26 localhost kernel: ACPI: XSDT 0x00000000BAAF6078 000064 (v01 ALASKA A M I    01072009 AMI  00010013)
Sep 17 14:34:26 localhost kernel: ACPI: FACP 0x00000000BAAFD208 00010C (v05 ALASKA A M I    01072009 AMI  00010013)
Sep 17 14:34:26 localhost kernel: ACPI BIOS Warning (bug): Optional FADT field Pm2ControlBlock has valid Length but zero Address: 0x0000000000000000/0x1 (20180531/tbfadt-624)
Sep 17 14:34:26 localhost kernel: ACPI: DSDT 0x00000000BAAF6170 007095 (v02 ALASKA A M I    00000000 INTL 20051117)
Sep 17 14:34:26 localhost kernel: ACPI: FACS 0x00000000BB8FDF80 000040
Sep 17 14:34:26 localhost kernel: ACPI: APIC 0x00000000BAAFD318 00009E (v03 ALASKA A M I    01072009 AMI  00010013)
Sep 17 14:34:26 localhost kernel: ACPI: FPDT 0x00000000BAAFD3B8 000044 (v01 ALASKA A M I    01072009 AMI  00010013)
Sep 17 14:34:26 localhost kernel: ACPI: MCFG 0x00000000BAAFD400 00003C (v01 ALASKA A M I    01072009 MSFT 00010013)
Sep 17 14:34:26 localhost kernel: ACPI: HPET 0x00000000BAAFD440 000038 (v01 ALASKA A M I    01072009 AMI  00000005)
Sep 17 14:34:26 localhost kernel: ACPI: IVRS 0x00000000BAAFEC20 0000C8 (v01 AMD    RD890S   00202031 AMD  00000000)
Sep 17 14:34:26 localhost kernel: ACPI: SSDT 0x00000000BAAFD4D0 001714 (v01 AMD    POWERNOW 00000001 AMD  00000001)
Sep 17 14:34:26 localhost kernel: ACPI: BGRT 0x00000000BAAFEBE8 000038 (v00 ALASKA A M I    01072009 AMI  00010013)
Sep 17 14:34:26 localhost kernel: ACPI: Local APIC address 0xfee00000
Sep 17 14:34:26 localhost kernel: No NUMA configuration found
Sep 17 14:34:26 localhost kernel: Faking a node at [mem 0x0000000000000000-0x000000083effffff]
Sep 17 14:34:26 localhost kernel: NODE_DATA(0) allocated [mem 0x83efd3000-0x83effdfff]
Sep 17 14:34:26 localhost kernel: tsc: Fast TSC calibration using PIT
Sep 17 14:34:26 localhost kernel: Zone ranges:
Sep 17 14:34:26 localhost kernel:   DMA      [mem 0x0000000000001000-0x0000000000ffffff]
Sep 17 14:34:26 localhost kernel:   DMA32    [mem 0x0000000001000000-0x00000000ffffffff]
Sep 17 14:34:26 localhost kernel:   Normal   [mem 0x0000000100000000-0x000000083effffff]
Sep 17 14:34:26 localhost kernel:   Device   empty
Sep 17 14:34:26 localhost kernel: Movable zone start for each node
Sep 17 14:34:26 localhost kernel: Early memory node ranges
Sep 17 14:34:26 localhost kernel:   node   0: [mem 0x0000000000001000-0x000000000009dfff]
Sep 17 14:34:26 localhost kernel:   node   0: [mem 0x0000000000100000-0x00000000ba812fff]
Sep 17 14:34:26 localhost kernel:   node   0: [mem 0x00000000bca34000-0x00000000bca34fff]
Sep 17 14:34:26 localhost kernel:   node   0: [mem 0x00000000bcc3b000-0x00000000bd082fff]
Sep 17 14:34:26 localhost kernel:   node   0: [mem 0x00000000bd7f4000-0x00000000bd7fffff]
Sep 17 14:34:26 localhost kernel:   node   0: [mem 0x0000000100001000-0x000000083effffff]
Sep 17 14:34:26 localhost kernel: Reserved but unavailable: 21500 pages
Sep 17 14:34:26 localhost kernel: Initmem setup node 0 [mem 0x0000000000001000-0x000000083effffff]
Sep 17 14:34:26 localhost kernel: On node 0 totalpages: 8363012
Sep 17 14:34:26 localhost kernel:   DMA zone: 64 pages used for memmap
Sep 17 14:34:26 localhost kernel:   DMA zone: 21 pages reserved
Sep 17 14:34:26 localhost kernel:   DMA zone: 3997 pages, LIFO batch:0
Sep 17 14:34:26 localhost kernel:   DMA32 zone: 11890 pages used for memmap
Sep 17 14:34:26 localhost kernel:   DMA32 zone: 760936 pages, LIFO batch:31
Sep 17 14:34:26 localhost kernel:   Normal zone: 118720 pages used for memmap
Sep 17 14:34:26 localhost kernel:   Normal zone: 7598079 pages, LIFO batch:31
Sep 17 14:34:26 localhost kernel: ACPI: PM-Timer IO Port: 0x808
Sep 17 14:34:26 localhost kernel: ACPI: Local APIC address 0xfee00000
Sep 17 14:34:26 localhost kernel: ACPI: LAPIC_NMI (acpi_id[0xff] high edge lint[0x1])
Sep 17 14:34:26 localhost kernel: IOAPIC[0]: apic_id 9, version 33, address 0xfec00000, GSI 0-23
Sep 17 14:34:26 localhost kernel: IOAPIC[1]: apic_id 10, version 33, address 0xfec20000, GSI 24-55
Sep 17 14:34:26 localhost kernel: ACPI: INT_SRC_OVR (bus 0 bus_irq 0 global_irq 2 dfl dfl)
Sep 17 14:34:26 localhost kernel: ACPI: INT_SRC_OVR (bus 0 bus_irq 9 global_irq 9 low level)
Sep 17 14:34:26 localhost kernel: ACPI: IRQ0 used by override.
Sep 17 14:34:26 localhost kernel: ACPI: IRQ9 used by override.
Sep 17 14:34:26 localhost kernel: Using ACPI (MADT) for SMP configuration information
Sep 17 14:34:26 localhost kernel: ACPI: HPET id: 0x43538210 base: 0xfed00000
Sep 17 14:34:26 localhost kernel: smpboot: Allowing 8 CPUs, 0 hotplug CPUs
Sep 17 14:34:26 localhost kernel: PM: Registered nosave memory: [mem 0x00000000-0x00000fff]
Sep 17 14:34:26 localhost kernel: PM: Registered nosave memory: [mem 0x0009e000-0x0009efff]
Sep 17 14:34:26 localhost kernel: PM: Registered nosave memory: [mem 0x0009f000-0x0009ffff]
Sep 17 14:34:26 localhost kernel: PM: Registered nosave memory: [mem 0x000a0000-0x000dffff]
Sep 17 14:34:26 localhost kernel: PM: Registered nosave memory: [mem 0x000e0000-0x000fffff]
Sep 17 14:34:26 localhost kernel: PM: Registered nosave memory: [mem 0xba813000-0xbaaeefff]
Sep 17 14:34:26 localhost kernel: PM: Registered nosave memory: [mem 0xbaaef000-0xbaafefff]
Sep 17 14:34:26 localhost kernel: PM: Registered nosave memory: [mem 0xbaaff000-0xbb902fff]
Sep 17 14:34:26 localhost kernel: PM: Registered nosave memory: [mem 0xbb903000-0xbca33fff]
Sep 17 14:34:26 localhost kernel: PM: Registered nosave memory: [mem 0xbca35000-0xbcc3afff]
Sep 17 14:34:26 localhost kernel: PM: Registered nosave memory: [mem 0xbd083000-0xbd7f3fff]
Sep 17 14:34:26 localhost kernel: PM: Registered nosave memory: [mem 0xbd800000-0xf7ffffff]
Sep 17 14:34:26 localhost kernel: PM: Registered nosave memory: [mem 0xf8000000-0xfbffffff]
Sep 17 14:34:26 localhost kernel: PM: Registered nosave memory: [mem 0xfc000000-0xfebfffff]
Sep 17 14:34:26 localhost kernel: PM: Registered nosave memory: [mem 0xfec00000-0xfec00fff]
Sep 17 14:34:26 localhost kernel: PM: Registered nosave memory: [mem 0xfec01000-0xfec0ffff]
Sep 17 14:34:26 localhost kernel: PM: Registered nosave memory: [mem 0xfec10000-0xfec10fff]
Sep 17 14:34:26 localhost kernel: PM: Registered nosave memory: [mem 0xfec11000-0xfec1ffff]
Sep 17 14:34:26 localhost kernel: PM: Registered nosave memory: [mem 0xfec20000-0xfec20fff]
Sep 17 14:34:26 localhost kernel: PM: Registered nosave memory: [mem 0xfec21000-0xfecfffff]
Sep 17 14:34:26 localhost kernel: PM: Registered nosave memory: [mem 0xfed00000-0xfed00fff]
Sep 17 14:34:26 localhost kernel: PM: Registered nosave memory: [mem 0xfed01000-0xfed60fff]
Sep 17 14:34:26 localhost kernel: PM: Registered nosave memory: [mem 0xfed61000-0xfed70fff]
Sep 17 14:34:26 localhost kernel: PM: Registered nosave memory: [mem 0xfed71000-0xfed7ffff]
Sep 17 14:34:26 localhost kernel: PM: Registered nosave memory: [mem 0xfed80000-0xfed8ffff]
Sep 17 14:34:26 localhost kernel: PM: Registered nosave memory: [mem 0xfed90000-0xfeefffff]
Sep 17 14:34:26 localhost kernel: PM: Registered nosave memory: [mem 0xfef00000-0xffffffff]
Sep 17 14:34:26 localhost kernel: PM: Registered nosave memory: [mem 0x100000000-0x100000fff]
Sep 17 14:34:26 localhost kernel: [mem 0xbd800000-0xf7ffffff] available for PCI devices
Sep 17 14:34:26 localhost kernel: Booting paravirtualized kernel on bare hardware
Sep 17 14:34:26 localhost kernel: clocksource: refined-jiffies: mask: 0xffffffff max_cycles: 0xffffffff, max_idle_ns: 1910969940391419 ns
Sep 17 14:34:26 localhost kernel: setup_percpu: NR_CPUS:1024 nr_cpumask_bits:8 nr_cpu_ids:8 nr_node_ids:1
Sep 17 14:34:26 localhost kernel: percpu: Embedded 45 pages/cpu @(____ptrval____) s147456 r8192 d28672 u262144
Sep 17 14:34:26 localhost kernel: pcpu-alloc: s147456 r8192 d28672 u262144 alloc=1*2097152
Sep 17 14:34:26 localhost kernel: pcpu-alloc: [0] 0 1 2 3 4 5 6 7 
Sep 17 14:34:26 localhost kernel: Built 1 zonelists, mobility grouping on.  Total pages: 8232317
Sep 17 14:34:26 localhost kernel: Policy zone: Normal
Sep 17 14:34:26 localhost kernel: Kernel command line: BOOT_IMAGE=/ostree/fedora-workstation-1dff7dec65217518a3a01636abf6d7d930f40c4a5091a40ed0d827d42719921b/vmlinuz-4.18.7-300.fc29.x86_64 resume=UUID=90704e22-407e-488f-9f27-6b87a2aa035a video=1366x768@60 rhgb root=UUID=fa2718f7-3fee-49b1-acdc-02381a67afad ostree=/ostree/boot.0/fedora-workstation/1dff7dec65217518a3a01636abf6d7d930f40c4a5091a40ed0d827d42719921b/0
Sep 17 14:34:26 localhost kernel: Memory: 32783364K/33452048K available (12300K kernel code, 1619K rwdata, 4052K rodata, 2156K init, 1336K bss, 668684K reserved, 0K cma-reserved)
Sep 17 14:34:26 localhost kernel: SLUB: HWalign=64, Order=0-3, MinObjects=0, CPUs=8, Nodes=1
Sep 17 14:34:26 localhost kernel: ftrace: allocating 37962 entries in 149 pages
Sep 17 14:34:26 localhost kernel: Hierarchical RCU implementation.
Sep 17 14:34:26 localhost kernel:         RCU restricting CPUs from NR_CPUS=1024 to nr_cpu_ids=8.
Sep 17 14:34:26 localhost kernel:         Tasks RCU enabled.
Sep 17 14:34:26 localhost kernel: RCU: Adjusting geometry for rcu_fanout_leaf=16, nr_cpu_ids=8
Sep 17 14:34:26 localhost kernel: NR_IRQS: 65792, nr_irqs: 1032, preallocated irqs: 16
Sep 17 14:34:26 localhost kernel: Console: colour VGA+ 80x25
Sep 17 14:34:26 localhost kernel: console [tty0] enabled
Sep 17 14:34:26 localhost kernel: ACPI: Core revision 20180531
Sep 17 14:34:26 localhost kernel: clocksource: hpet: mask: 0xffffffff max_cycles: 0xffffffff, max_idle_ns: 133484873504 ns
Sep 17 14:34:26 localhost kernel: hpet clockevent registered
Sep 17 14:34:26 localhost kernel: APIC: Switch to symmetric I/O mode setup
Sep 17 14:34:26 localhost kernel: ..TIMER: vector=0x30 apic1=0 pin1=2 apic2=-1 pin2=-1
Sep 17 14:34:26 localhost kernel: tsc: Fast TSC calibration using PIT
Sep 17 14:34:26 localhost kernel: tsc: Detected 4013.446 MHz processor
Sep 17 14:34:26 localhost kernel: clocksource: tsc-early: mask: 0xffffffffffffffff max_cycles: 0x39d9fadae3d, max_idle_ns: 440795355829 ns
Sep 17 14:34:26 localhost kernel: Calibrating delay loop (skipped), value calculated using timer frequency.. 8026.89 BogoMIPS (lpj=4013446)
Sep 17 14:34:26 localhost kernel: pid_max: default: 32768 minimum: 301
Sep 17 14:34:26 localhost kernel: Security Framework initialized
Sep 17 14:34:26 localhost kernel: Yama: becoming mindful.
Sep 17 14:34:26 localhost kernel: SELinux:  Initializing.
Sep 17 14:34:26 localhost kernel: SELinux:  Starting in permissive mode
Sep 17 14:34:26 localhost kernel: Dentry cache hash table entries: 4194304 (order: 13, 33554432 bytes)
Sep 17 14:34:26 localhost kernel: Inode-cache hash table entries: 2097152 (order: 12, 16777216 bytes)
Sep 17 14:34:26 localhost kernel: Mount-cache hash table entries: 65536 (order: 7, 524288 bytes)
Sep 17 14:34:26 localhost kernel: Mountpoint-cache hash table entries: 65536 (order: 7, 524288 bytes)
Sep 17 14:34:26 localhost kernel: mce: CPU supports 7 MCE banks
Sep 17 14:34:26 localhost kernel: LVT offset 1 assigned for vector 0xf9
Sep 17 14:34:26 localhost kernel: Last level iTLB entries: 4KB 512, 2MB 1024, 4MB 512
Sep 17 14:34:26 localhost kernel: Last level dTLB entries: 4KB 1024, 2MB 1024, 4MB 512, 1GB 0
Sep 17 14:34:26 localhost kernel: Spectre V2 : Mitigation: Full AMD retpoline
Sep 17 14:34:26 localhost kernel: Spectre V2 : Spectre v2 / SpectreRSB mitigation: Filling RSB on context switch
Sep 17 14:34:26 localhost kernel: Spectre V2 : Spectre v2 mitigation: Enabling Indirect Branch Prediction Barrier
Sep 17 14:34:26 localhost kernel: Speculative Store Bypass: Mitigation: Speculative Store Bypass disabled via prctl and seccomp
Sep 17 14:34:26 localhost kernel: Freeing SMP alternatives memory: 36K
Sep 17 14:34:26 localhost kernel: smpboot: CPU0: AMD FX(tm)-8350 Eight-Core Processor (family: 0x15, model: 0x2, stepping: 0x0)
Sep 17 14:34:26 localhost kernel: Performance Events: Fam15h core perfctr, AMD PMU driver.
Sep 17 14:34:26 localhost kernel: ... version:                0
Sep 17 14:34:26 localhost kernel: ... bit width:              48
Sep 17 14:34:26 localhost kernel: ... generic registers:      6
Sep 17 14:34:26 localhost kernel: ... value mask:             0000ffffffffffff
Sep 17 14:34:26 localhost kernel: ... max period:             00007fffffffffff
Sep 17 14:34:26 localhost kernel: ... fixed-purpose events:   0
Sep 17 14:34:26 localhost kernel: ... event mask:             000000000000003f
Sep 17 14:34:26 localhost kernel: Hierarchical SRCU implementation.
Sep 17 14:34:26 localhost kernel: NMI watchdog: Enabled. Permanently consumes one hw-PMU counter.
Sep 17 14:34:26 localhost kernel: smp: Bringing up secondary CPUs ...
Sep 17 14:34:26 localhost kernel: x86: Booting SMP configuration:
Sep 17 14:34:26 localhost kernel: .... node  #0, CPUs:      #1 #2 #3 #4 #5 #6 #7
Sep 17 14:34:26 localhost kernel: smp: Brought up 1 node, 8 CPUs
Sep 17 14:34:26 localhost kernel: smpboot: Max logical packages: 1
Sep 17 14:34:26 localhost kernel: smpboot: Total of 8 processors activated (64215.13 BogoMIPS)
Sep 17 14:34:26 localhost kernel: devtmpfs: initialized
Sep 17 14:34:26 localhost kernel: x86/mm: Memory block size: 128MB
Sep 17 14:34:26 localhost kernel: PM: Registering ACPI NVS region [mem 0xbaaff000-0xbb902fff] (14696448 bytes)
Sep 17 14:34:26 localhost kernel: PM: Registering ACPI NVS region [mem 0xbca35000-0xbcc3afff] (2121728 bytes)
Sep 17 14:34:26 localhost kernel: clocksource: jiffies: mask: 0xffffffff max_cycles: 0xffffffff, max_idle_ns: 1911260446275000 ns
Sep 17 14:34:26 localhost kernel: futex hash table entries: 2048 (order: 5, 131072 bytes)
Sep 17 14:34:26 localhost kernel: pinctrl core: initialized pinctrl subsystem
Sep 17 14:34:26 localhost kernel: RTC time: 21:34:24, date: 09/17/18
Sep 17 14:34:26 localhost kernel: NET: Registered protocol family 16
Sep 17 14:34:26 localhost kernel: audit: initializing netlink subsys (disabled)
Sep 17 14:34:26 localhost kernel: audit: type=2000 audit(1537220064.066:1): state=initialized audit_enabled=0 res=1
Sep 17 14:34:26 localhost kernel: cpuidle: using governor menu
Sep 17 14:34:26 localhost kernel: ACPI: bus type PCI registered
Sep 17 14:34:26 localhost kernel: acpiphp: ACPI Hot Plug PCI Controller Driver version: 0.5
Sep 17 14:34:26 localhost kernel: PCI: MMCONFIG for domain 0000 [bus 00-ff] at [mem 0xe0000000-0xefffffff] (base 0xe0000000)
Sep 17 14:34:26 localhost kernel: PCI: not using MMCONFIG
Sep 17 14:34:26 localhost kernel: PCI: Using configuration type 1 for base access
Sep 17 14:34:26 localhost kernel: PCI: Using configuration type 1 for extended access
Sep 17 14:34:26 localhost kernel: HugeTLB registered 1.00 GiB page size, pre-allocated 0 pages
Sep 17 14:34:26 localhost kernel: HugeTLB registered 2.00 MiB page size, pre-allocated 0 pages
Sep 17 14:34:26 localhost kernel: cryptd: max_cpu_qlen set to 1000
Sep 17 14:34:26 localhost kernel: ACPI: Added _OSI(Module Device)
Sep 17 14:34:26 localhost kernel: ACPI: Added _OSI(Processor Device)
Sep 17 14:34:26 localhost kernel: ACPI: Added _OSI(3.0 _SCP Extensions)
Sep 17 14:34:26 localhost kernel: ACPI: Added _OSI(Processor Aggregator Device)
Sep 17 14:34:26 localhost kernel: ACPI: Added _OSI(Linux-Dell-Video)
Sep 17 14:34:26 localhost kernel: ACPI: 2 ACPI AML tables successfully acquired and loaded
Sep 17 14:34:26 localhost kernel: ACPI: EC: EC started
Sep 17 14:34:26 localhost kernel: ACPI: EC: interrupt blocked
Sep 17 14:34:26 localhost kernel: ACPI: \_SB_.PCI0.SBRG.EC0_: Used as first EC
Sep 17 14:34:26 localhost kernel: ACPI: \_SB_.PCI0.SBRG.EC0_: GPE=0xa, EC_CMD/EC_SC=0x66, EC_DATA=0x62
Sep 17 14:34:26 localhost kernel: ACPI: \_SB_.PCI0.SBRG.EC0_: Used as boot DSDT EC to handle transactions
Sep 17 14:34:26 localhost kernel: ACPI: Interpreter enabled
Sep 17 14:34:26 localhost kernel: ACPI: (supports S0 S3 S4 S5)
Sep 17 14:34:26 localhost kernel: ACPI: Using IOAPIC for interrupt routing
Sep 17 14:34:26 localhost kernel: PCI: MMCONFIG for domain 0000 [bus 00-ff] at [mem 0xe0000000-0xefffffff] (base 0xe0000000)
Sep 17 14:34:26 localhost kernel: PCI: MMCONFIG at [mem 0xe0000000-0xefffffff] reserved in ACPI motherboard resources
Sep 17 14:34:26 localhost kernel: PCI: Using host bridge windows from ACPI; if necessary, use "pci=nocrs" and report a bug
Sep 17 14:34:26 localhost kernel: ACPI: Enabled 11 GPEs in block 00 to 1F
Sep 17 14:34:26 localhost kernel: ACPI: PCI Root Bridge [PCI0] (domain 0000 [bus 00-ff])
Sep 17 14:34:26 localhost kernel: acpi PNP0A03:00: _OSC: OS supports [ExtendedConfig ASPM ClockPM Segments MSI]
Sep 17 14:34:26 localhost kernel: acpi PNP0A03:00: _OSC failed (AE_NOT_FOUND); disabling ASPM
Sep 17 14:34:26 localhost kernel: PCI host bridge to bus 0000:00
Sep 17 14:34:26 localhost kernel: pci_bus 0000:00: root bus resource [io  0x0000-0x03af window]
Sep 17 14:34:26 localhost kernel: pci_bus 0000:00: root bus resource [io  0x03e0-0x0cf7 window]
Sep 17 14:34:26 localhost kernel: pci_bus 0000:00: root bus resource [io  0x03b0-0x03df window]
Sep 17 14:34:26 localhost kernel: pci_bus 0000:00: root bus resource [io  0x0d00-0xffff window]
Sep 17 14:34:26 localhost kernel: pci_bus 0000:00: root bus resource [mem 0x000a0000-0x000bffff window]
Sep 17 14:34:26 localhost kernel: pci_bus 0000:00: root bus resource [mem 0x000c0000-0x000dffff window]
Sep 17 14:34:26 localhost kernel: pci_bus 0000:00: root bus resource [mem 0xc0000000-0xffffffff window]
Sep 17 14:34:26 localhost kernel: pci_bus 0000:00: root bus resource [bus 00-ff]
Sep 17 14:34:26 localhost kernel: pci 0000:00:00.0: [1002:5a14] type 00 class 0x060000
Sep 17 14:34:26 localhost kernel: pci 0000:00:00.2: [1002:5a23] type 00 class 0x080600
Sep 17 14:34:26 localhost kernel: pci 0000:00:02.0: [1002:5a16] type 01 class 0x060400
Sep 17 14:34:26 localhost kernel: pci 0000:00:02.0: enabling Extended Tags
Sep 17 14:34:26 localhost kernel: pci 0000:00:02.0: PME# supported from D0 D3hot D3cold
Sep 17 14:34:26 localhost kernel: pci 0000:00:04.0: [1002:5a18] type 01 class 0x060400
Sep 17 14:34:26 localhost kernel: pci 0000:00:04.0: enabling Extended Tags
Sep 17 14:34:26 localhost kernel: pci 0000:00:04.0: PME# supported from D0 D3hot D3cold
Sep 17 14:34:26 localhost kernel: pci 0000:00:05.0: [1002:5a19] type 01 class 0x060400
Sep 17 14:34:26 localhost kernel: pci 0000:00:05.0: enabling Extended Tags
Sep 17 14:34:26 localhost kernel: pci 0000:00:05.0: PME# supported from D0 D3hot D3cold
Sep 17 14:34:26 localhost kernel: pci 0000:00:07.0: [1002:5a1b] type 01 class 0x060400
Sep 17 14:34:26 localhost kernel: pci 0000:00:07.0: enabling Extended Tags
Sep 17 14:34:26 localhost kernel: pci 0000:00:07.0: PME# supported from D0 D3hot D3cold
Sep 17 14:34:26 localhost kernel: pci 0000:00:11.0: [1002:4391] type 00 class 0x010601
Sep 17 14:34:26 localhost kernel: pci 0000:00:11.0: reg 0x10: [io  0xf040-0xf047]
Sep 17 14:34:26 localhost kernel: pci 0000:00:11.0: reg 0x14: [io  0xf030-0xf033]
Sep 17 14:34:26 localhost kernel: pci 0000:00:11.0: reg 0x18: [io  0xf020-0xf027]
Sep 17 14:34:26 localhost kernel: pci 0000:00:11.0: reg 0x1c: [io  0xf010-0xf013]
Sep 17 14:34:26 localhost kernel: pci 0000:00:11.0: reg 0x20: [io  0xf000-0xf00f]
Sep 17 14:34:26 localhost kernel: pci 0000:00:11.0: reg 0x24: [mem 0xfeb0b000-0xfeb0b3ff]
Sep 17 14:34:26 localhost kernel: pci 0000:00:12.0: [1002:4397] type 00 class 0x0c0310
Sep 17 14:34:26 localhost kernel: pci 0000:00:12.0: reg 0x10: [mem 0xfeb0a000-0xfeb0afff]
Sep 17 14:34:26 localhost kernel: pci 0000:00:12.2: [1002:4396] type 00 class 0x0c0320
Sep 17 14:34:26 localhost kernel: pci 0000:00:12.2: reg 0x10: [mem 0xfeb09000-0xfeb090ff]
Sep 17 14:34:26 localhost kernel: pci 0000:00:12.2: supports D1 D2
Sep 17 14:34:26 localhost kernel: pci 0000:00:12.2: PME# supported from D0 D1 D2 D3hot
Sep 17 14:34:26 localhost kernel: pci 0000:00:13.0: [1002:4397] type 00 class 0x0c0310
Sep 17 14:34:26 localhost kernel: pci 0000:00:13.0: reg 0x10: [mem 0xfeb08000-0xfeb08fff]
Sep 17 14:34:26 localhost kernel: pci 0000:00:13.2: [1002:4396] type 00 class 0x0c0320
Sep 17 14:34:26 localhost kernel: pci 0000:00:13.2: reg 0x10: [mem 0xfeb07000-0xfeb070ff]
Sep 17 14:34:26 localhost kernel: pci 0000:00:13.2: supports D1 D2
Sep 17 14:34:26 localhost kernel: pci 0000:00:13.2: PME# supported from D0 D1 D2 D3hot
Sep 17 14:34:26 localhost kernel: pci 0000:00:14.0: [1002:4385] type 00 class 0x0c0500
Sep 17 14:34:26 localhost kernel: pci 0000:00:14.2: [1002:4383] type 00 class 0x040300
Sep 17 14:34:26 localhost kernel: pci 0000:00:14.2: reg 0x10: [mem 0xfeb00000-0xfeb03fff 64bit]
Sep 17 14:34:26 localhost kernel: pci 0000:00:14.2: PME# supported from D0 D3hot D3cold
Sep 17 14:34:26 localhost kernel: pci 0000:00:14.3: [1002:439d] type 00 class 0x060100
Sep 17 14:34:26 localhost kernel: pci 0000:00:14.4: [1002:4384] type 01 class 0x060401
Sep 17 14:34:26 localhost kernel: pci 0000:00:14.5: [1002:4399] type 00 class 0x0c0310
Sep 17 14:34:26 localhost kernel: pci 0000:00:14.5: reg 0x10: [mem 0xfeb06000-0xfeb06fff]
Sep 17 14:34:26 localhost kernel: pci 0000:00:16.0: [1002:4397] type 00 class 0x0c0310
Sep 17 14:34:26 localhost kernel: pci 0000:00:16.0: reg 0x10: [mem 0xfeb05000-0xfeb05fff]
Sep 17 14:34:26 localhost kernel: pci 0000:00:16.2: [1002:4396] type 00 class 0x0c0320
Sep 17 14:34:26 localhost kernel: pci 0000:00:16.2: reg 0x10: [mem 0xfeb04000-0xfeb040ff]
Sep 17 14:34:26 localhost kernel: pci 0000:00:16.2: supports D1 D2
Sep 17 14:34:26 localhost kernel: pci 0000:00:16.2: PME# supported from D0 D1 D2 D3hot
Sep 17 14:34:26 localhost kernel: pci 0000:00:18.0: [1022:1600] type 00 class 0x060000
Sep 17 14:34:26 localhost kernel: pci 0000:00:18.1: [1022:1601] type 00 class 0x060000
Sep 17 14:34:26 localhost kernel: pci 0000:00:18.2: [1022:1602] type 00 class 0x060000
Sep 17 14:34:26 localhost kernel: pci 0000:00:18.3: [1022:1603] type 00 class 0x060000
Sep 17 14:34:26 localhost kernel: pci 0000:00:18.4: [1022:1604] type 00 class 0x060000
Sep 17 14:34:26 localhost kernel: pci 0000:00:18.5: [1022:1605] type 00 class 0x060000
Sep 17 14:34:26 localhost kernel: pci 0000:01:00.0: [1002:665c] type 00 class 0x030000
Sep 17 14:34:26 localhost kernel: pci 0000:01:00.0: reg 0x10: [mem 0xc0000000-0xcfffffff 64bit pref]
Sep 17 14:34:26 localhost kernel: pci 0000:01:00.0: reg 0x18: [mem 0xd0000000-0xd07fffff 64bit pref]
Sep 17 14:34:26 localhost kernel: pci 0000:01:00.0: reg 0x20: [io  0xe000-0xe0ff]
Sep 17 14:34:26 localhost kernel: pci 0000:01:00.0: reg 0x24: [mem 0xfea00000-0xfea3ffff]
Sep 17 14:34:26 localhost kernel: pci 0000:01:00.0: reg 0x30: [mem 0xfea40000-0xfea5ffff pref]
Sep 17 14:34:26 localhost kernel: pci 0000:01:00.0: enabling Extended Tags
Sep 17 14:34:26 localhost kernel: pci 0000:01:00.0: supports D1 D2
Sep 17 14:34:26 localhost kernel: pci 0000:01:00.0: PME# supported from D1 D2 D3hot
Sep 17 14:34:26 localhost kernel: pci 0000:01:00.1: [1002:0002] type 00 class 0x040300
Sep 17 14:34:26 localhost kernel: pci 0000:01:00.1: reg 0x10: [mem 0xfea60000-0xfea63fff 64bit]
Sep 17 14:34:26 localhost kernel: pci 0000:01:00.1: enabling Extended Tags
Sep 17 14:34:26 localhost kernel: pci 0000:01:00.1: supports D1 D2
Sep 17 14:34:26 localhost kernel: pci 0000:00:02.0: PCI bridge to [bus 01]
Sep 17 14:34:26 localhost kernel: pci 0000:00:02.0:   bridge window [io  0xe000-0xefff]
Sep 17 14:34:26 localhost kernel: pci 0000:00:02.0:   bridge window [mem 0xfea00000-0xfeafffff]
Sep 17 14:34:26 localhost kernel: pci 0000:00:02.0:   bridge window [mem 0xc0000000-0xd07fffff 64bit pref]
Sep 17 14:34:26 localhost kernel: pci 0000:02:00.0: [10ec:8168] type 00 class 0x020000
Sep 17 14:34:26 localhost kernel: pci 0000:02:00.0: reg 0x10: [io  0xd000-0xd0ff]
Sep 17 14:34:26 localhost kernel: pci 0000:02:00.0: reg 0x18: [mem 0xd0904000-0xd0904fff 64bit pref]
Sep 17 14:34:26 localhost kernel: pci 0000:02:00.0: reg 0x20: [mem 0xd0900000-0xd0903fff 64bit pref]
Sep 17 14:34:26 localhost kernel: pci 0000:02:00.0: supports D1 D2
Sep 17 14:34:26 localhost kernel: pci 0000:02:00.0: PME# supported from D0 D1 D2 D3hot D3cold
Sep 17 14:34:26 localhost kernel: pci 0000:00:04.0: PCI bridge to [bus 02]
Sep 17 14:34:26 localhost kernel: pci 0000:00:04.0:   bridge window [io  0xd000-0xdfff]
Sep 17 14:34:26 localhost kernel: pci 0000:00:04.0:   bridge window [mem 0xd0900000-0xd09fffff 64bit pref]
Sep 17 14:34:26 localhost kernel: pci 0000:03:00.0: [1b21:1142] type 00 class 0x0c0330
Sep 17 14:34:26 localhost kernel: pci 0000:03:00.0: reg 0x10: [mem 0xfe900000-0xfe907fff 64bit]
Sep 17 14:34:26 localhost kernel: pci 0000:03:00.0: PME# supported from D3cold
Sep 17 14:34:26 localhost kernel: pci 0000:00:05.0: PCI bridge to [bus 03]
Sep 17 14:34:26 localhost kernel: pci 0000:00:05.0:   bridge window [mem 0xfe900000-0xfe9fffff]
Sep 17 14:34:26 localhost kernel: pci 0000:04:00.0: [1b21:1142] type 00 class 0x0c0330
Sep 17 14:34:26 localhost kernel: pci 0000:04:00.0: reg 0x10: [mem 0xfe800000-0xfe807fff 64bit]
Sep 17 14:34:26 localhost kernel: pci 0000:04:00.0: PME# supported from D3cold
Sep 17 14:34:26 localhost kernel: pci 0000:00:07.0: PCI bridge to [bus 04]
Sep 17 14:34:26 localhost kernel: pci 0000:00:07.0:   bridge window [mem 0xfe800000-0xfe8fffff]
Sep 17 14:34:26 localhost kernel: pci_bus 0000:05: extended config space not accessible
Sep 17 14:34:26 localhost kernel: pci 0000:00:14.4: PCI bridge to [bus 05] (subtractive decode)
Sep 17 14:34:26 localhost kernel: pci 0000:00:14.4:   bridge window [io  0x0000-0x03af window] (subtractive decode)
Sep 17 14:34:26 localhost kernel: pci 0000:00:14.4:   bridge window [io  0x03e0-0x0cf7 window] (subtractive decode)
Sep 17 14:34:26 localhost kernel: pci 0000:00:14.4:   bridge window [io  0x03b0-0x03df window] (subtractive decode)
Sep 17 14:34:26 localhost kernel: pci 0000:00:14.4:   bridge window [io  0x0d00-0xffff window] (subtractive decode)
Sep 17 14:34:26 localhost kernel: pci 0000:00:14.4:   bridge window [mem 0x000a0000-0x000bffff window] (subtractive decode)
Sep 17 14:34:26 localhost kernel: pci 0000:00:14.4:   bridge window [mem 0x000c0000-0x000dffff window] (subtractive decode)
Sep 17 14:34:26 localhost kernel: pci 0000:00:14.4:   bridge window [mem 0xc0000000-0xffffffff window] (subtractive decode)
Sep 17 14:34:26 localhost kernel: ACPI: PCI Interrupt Link [LNKA] (IRQs 4 7 10 11 14 15) *0
Sep 17 14:34:26 localhost kernel: ACPI: PCI Interrupt Link [LNKB] (IRQs 4 7 10 11 14 15) *0
Sep 17 14:34:26 localhost kernel: ACPI: PCI Interrupt Link [LNKC] (IRQs 4 7 10 11 14 15) *0
Sep 17 14:34:26 localhost kernel: ACPI: PCI Interrupt Link [LNKD] (IRQs 3 4 10 11 14 15) *0
Sep 17 14:34:26 localhost kernel: ACPI: PCI Interrupt Link [LNKE] (IRQs 4 7 10 11 14 15) *0
Sep 17 14:34:26 localhost kernel: ACPI: PCI Interrupt Link [LNKF] (IRQs 4 7 10 11 14 15) *0
Sep 17 14:34:26 localhost kernel: ACPI: PCI Interrupt Link [LNKG] (IRQs 4 7 10 11 14 15) *0
Sep 17 14:34:26 localhost kernel: ACPI: PCI Interrupt Link [LNKH] (IRQs 4 7 10 11 14 15) *0
Sep 17 14:34:26 localhost kernel: ACPI: EC: interrupt unblocked
Sep 17 14:34:26 localhost kernel: ACPI: EC: event unblocked
Sep 17 14:34:26 localhost kernel: ACPI: \_SB_.PCI0.SBRG.EC0_: GPE=0xa, EC_CMD/EC_SC=0x66, EC_DATA=0x62
Sep 17 14:34:26 localhost kernel: ACPI: \_SB_.PCI0.SBRG.EC0_: Used as boot DSDT EC to handle transactions and events
Sep 17 14:34:26 localhost kernel: pci 0000:01:00.0: vgaarb: setting as boot VGA device
Sep 17 14:34:26 localhost kernel: pci 0000:01:00.0: vgaarb: VGA device added: decodes=io+mem,owns=io+mem,locks=none
Sep 17 14:34:26 localhost kernel: pci 0000:01:00.0: vgaarb: bridge control possible
Sep 17 14:34:26 localhost kernel: vgaarb: loaded
Sep 17 14:34:26 localhost kernel: SCSI subsystem initialized
Sep 17 14:34:26 localhost kernel: libata version 3.00 loaded.
Sep 17 14:34:26 localhost kernel: ACPI: bus type USB registered
Sep 17 14:34:26 localhost kernel: usbcore: registered new interface driver usbfs
Sep 17 14:34:26 localhost kernel: usbcore: registered new interface driver hub
Sep 17 14:34:26 localhost kernel: usbcore: registered new device driver usb
Sep 17 14:34:26 localhost kernel: pps_core: LinuxPPS API ver. 1 registered
Sep 17 14:34:26 localhost kernel: pps_core: Software ver. 5.3.6 - Copyright 2005-2007 Rodolfo Giometti <giometti@linux.it>
Sep 17 14:34:26 localhost kernel: PTP clock support registered
Sep 17 14:34:26 localhost kernel: EDAC MC: Ver: 3.0.0
Sep 17 14:34:26 localhost kernel: PCI: Using ACPI for IRQ routing
Sep 17 14:34:26 localhost kernel: PCI: pci_cache_line_size set to 64 bytes
Sep 17 14:34:26 localhost kernel: e820: reserve RAM buffer [mem 0x0009e800-0x0009ffff]
Sep 17 14:34:26 localhost kernel: e820: reserve RAM buffer [mem 0xba813000-0xbbffffff]
Sep 17 14:34:26 localhost kernel: e820: reserve RAM buffer [mem 0xbca35000-0xbfffffff]
Sep 17 14:34:26 localhost kernel: e820: reserve RAM buffer [mem 0xbd083000-0xbfffffff]
Sep 17 14:34:26 localhost kernel: e820: reserve RAM buffer [mem 0xbd800000-0xbfffffff]
Sep 17 14:34:26 localhost kernel: e820: reserve RAM buffer [mem 0x83f000000-0x83fffffff]
Sep 17 14:34:26 localhost kernel: NetLabel: Initializing
Sep 17 14:34:26 localhost kernel: NetLabel:  domain hash size = 128
Sep 17 14:34:26 localhost kernel: NetLabel:  protocols = UNLABELED CIPSOv4 CALIPSO
Sep 17 14:34:26 localhost kernel: NetLabel:  unlabeled traffic allowed by default
Sep 17 14:34:26 localhost kernel: hpet0: at MMIO 0xfed00000, IRQs 2, 8, 0
Sep 17 14:34:26 localhost kernel: hpet0: 3 comparators, 32-bit 14.318180 MHz counter
Sep 17 14:34:26 localhost kernel: clocksource: Switched to clocksource tsc-early
Sep 17 14:34:26 localhost kernel: VFS: Disk quotas dquot_6.6.0
Sep 17 14:34:26 localhost kernel: VFS: Dquot-cache hash table entries: 512 (order 0, 4096 bytes)
Sep 17 14:34:26 localhost kernel: pnp: PnP ACPI init
Sep 17 14:34:26 localhost kernel: system 00:00: [mem 0xe0000000-0xefffffff] has been reserved
Sep 17 14:34:26 localhost kernel: system 00:00: Plug and Play ACPI device, IDs PNP0c01 (active)
Sep 17 14:34:26 localhost kernel: system 00:01: [io  0x040b] has been reserved
Sep 17 14:34:26 localhost kernel: system 00:01: [io  0x04d6] has been reserved
Sep 17 14:34:26 localhost kernel: system 00:01: [io  0x0c00-0x0c01] has been reserved
Sep 17 14:34:26 localhost kernel: system 00:01: [io  0x0c14] has been reserved
Sep 17 14:34:26 localhost kernel: system 00:01: [io  0x0c50-0x0c51] has been reserved
Sep 17 14:34:26 localhost kernel: system 00:01: [io  0x0c52] has been reserved
Sep 17 14:34:26 localhost kernel: system 00:01: [io  0x0c6c] has been reserved
Sep 17 14:34:26 localhost kernel: system 00:01: [io  0x0c6f] has been reserved
Sep 17 14:34:26 localhost kernel: system 00:01: [io  0x0cd0-0x0cd1] has been reserved
Sep 17 14:34:26 localhost kernel: system 00:01: [io  0x0cd2-0x0cd3] has been reserved
Sep 17 14:34:26 localhost kernel: system 00:01: [io  0x0cd4-0x0cd5] has been reserved
Sep 17 14:34:26 localhost kernel: system 00:01: [io  0x0cd6-0x0cd7] has been reserved
Sep 17 14:34:26 localhost kernel: system 00:01: [io  0x0cd8-0x0cdf] has been reserved
Sep 17 14:34:26 localhost kernel: system 00:01: [io  0x0800-0x089f] has been reserved
Sep 17 14:34:26 localhost kernel: system 00:01: [io  0x0b20-0x0b3f] has been reserved
Sep 17 14:34:26 localhost kernel: system 00:01: [io  0x0900-0x090f] has been reserved
Sep 17 14:34:26 localhost kernel: system 00:01: [io  0x0910-0x091f] has been reserved
Sep 17 14:34:26 localhost kernel: system 00:01: [io  0xfe00-0xfefe] has been reserved
Sep 17 14:34:26 localhost kernel: system 00:01: [mem 0xfec00000-0xfec00fff] could not be reserved
Sep 17 14:34:26 localhost kernel: system 00:01: [mem 0xfee00000-0xfee00fff] has been reserved
Sep 17 14:34:26 localhost kernel: system 00:01: [mem 0xfed80000-0xfed8ffff] has been reserved
Sep 17 14:34:26 localhost kernel: system 00:01: [mem 0xfed61000-0xfed70fff] has been reserved
Sep 17 14:34:26 localhost kernel: system 00:01: [mem 0xfec10000-0xfec10fff] has been reserved
Sep 17 14:34:26 localhost kernel: system 00:01: [mem 0xfed00000-0xfed00fff] could not be reserved
Sep 17 14:34:26 localhost kernel: system 00:01: [mem 0xff800000-0xffffffff] has been reserved
Sep 17 14:34:26 localhost kernel: system 00:01: Plug and Play ACPI device, IDs PNP0c02 (active)
Sep 17 14:34:26 localhost kernel: system 00:02: [io  0x0290-0x02af] has been reserved
Sep 17 14:34:26 localhost kernel: system 00:02: Plug and Play ACPI device, IDs PNP0c02 (active)
Sep 17 14:34:26 localhost kernel: pnp 00:03: Plug and Play ACPI device, IDs PNP0b00 (active)
Sep 17 14:34:26 localhost kernel: system 00:04: [io  0x04d0-0x04d1] has been reserved
Sep 17 14:34:26 localhost kernel: system 00:04: Plug and Play ACPI device, IDs PNP0c02 (active)
Sep 17 14:34:26 localhost kernel: system 00:05: Plug and Play ACPI device, IDs PNP0c02 (active)
Sep 17 14:34:26 localhost kernel: pnp 00:06: [dma 0 disabled]
Sep 17 14:34:26 localhost kernel: pnp 00:06: Plug and Play ACPI device, IDs PNP0501 (active)
Sep 17 14:34:26 localhost kernel: system 00:07: [mem 0xfeb20000-0xfeb23fff] could not be reserved
Sep 17 14:34:26 localhost kernel: system 00:07: Plug and Play ACPI device, IDs PNP0c02 (active)
Sep 17 14:34:26 localhost kernel: system 00:08: [mem 0xfec20000-0xfec200ff] could not be reserved
Sep 17 14:34:26 localhost kernel: system 00:08: Plug and Play ACPI device, IDs PNP0c02 (active)
Sep 17 14:34:26 localhost kernel: pnp: PnP ACPI: found 9 devices
Sep 17 14:34:26 localhost kernel: clocksource: acpi_pm: mask: 0xffffff max_cycles: 0xffffff, max_idle_ns: 2085701024 ns
Sep 17 14:34:26 localhost kernel: pci 0000:00:02.0: PCI bridge to [bus 01]
Sep 17 14:34:26 localhost kernel: pci 0000:00:02.0:   bridge window [io  0xe000-0xefff]
Sep 17 14:34:26 localhost kernel: pci 0000:00:02.0:   bridge window [mem 0xfea00000-0xfeafffff]
Sep 17 14:34:26 localhost kernel: pci 0000:00:02.0:   bridge window [mem 0xc0000000-0xd07fffff 64bit pref]
Sep 17 14:34:26 localhost kernel: pci 0000:00:04.0: PCI bridge to [bus 02]
Sep 17 14:34:26 localhost kernel: pci 0000:00:04.0:   bridge window [io  0xd000-0xdfff]
Sep 17 14:34:26 localhost kernel: pci 0000:00:04.0:   bridge window [mem 0xd0900000-0xd09fffff 64bit pref]
Sep 17 14:34:26 localhost kernel: pci 0000:00:05.0: PCI bridge to [bus 03]
Sep 17 14:34:26 localhost kernel: pci 0000:00:05.0:   bridge window [mem 0xfe900000-0xfe9fffff]
Sep 17 14:34:26 localhost kernel: pci 0000:00:07.0: PCI bridge to [bus 04]
Sep 17 14:34:26 localhost kernel: pci 0000:00:07.0:   bridge window [mem 0xfe800000-0xfe8fffff]
Sep 17 14:34:26 localhost kernel: pci 0000:00:14.4: PCI bridge to [bus 05]
Sep 17 14:34:26 localhost kernel: pci_bus 0000:00: resource 4 [io  0x0000-0x03af window]
Sep 17 14:34:26 localhost kernel: pci_bus 0000:00: resource 5 [io  0x03e0-0x0cf7 window]
Sep 17 14:34:26 localhost kernel: pci_bus 0000:00: resource 6 [io  0x03b0-0x03df window]
Sep 17 14:34:26 localhost kernel: pci_bus 0000:00: resource 7 [io  0x0d00-0xffff window]
Sep 17 14:34:26 localhost kernel: pci_bus 0000:00: resource 8 [mem 0x000a0000-0x000bffff window]
Sep 17 14:34:26 localhost kernel: pci_bus 0000:00: resource 9 [mem 0x000c0000-0x000dffff window]
Sep 17 14:34:26 localhost kernel: pci_bus 0000:00: resource 10 [mem 0xc0000000-0xffffffff window]
Sep 17 14:34:26 localhost kernel: pci_bus 0000:01: resource 0 [io  0xe000-0xefff]
Sep 17 14:34:26 localhost kernel: pci_bus 0000:01: resource 1 [mem 0xfea00000-0xfeafffff]
Sep 17 14:34:26 localhost kernel: pci_bus 0000:01: resource 2 [mem 0xc0000000-0xd07fffff 64bit pref]
Sep 17 14:34:26 localhost kernel: pci_bus 0000:02: resource 0 [io  0xd000-0xdfff]
Sep 17 14:34:26 localhost kernel: pci_bus 0000:02: resource 2 [mem 0xd0900000-0xd09fffff 64bit pref]
Sep 17 14:34:26 localhost kernel: pci_bus 0000:03: resource 1 [mem 0xfe900000-0xfe9fffff]
Sep 17 14:34:26 localhost kernel: pci_bus 0000:04: resource 1 [mem 0xfe800000-0xfe8fffff]
Sep 17 14:34:26 localhost kernel: pci_bus 0000:05: resource 4 [io  0x0000-0x03af window]
Sep 17 14:34:26 localhost kernel: pci_bus 0000:05: resource 5 [io  0x03e0-0x0cf7 window]
Sep 17 14:34:26 localhost kernel: pci_bus 0000:05: resource 6 [io  0x03b0-0x03df window]
Sep 17 14:34:26 localhost kernel: pci_bus 0000:05: resource 7 [io  0x0d00-0xffff window]
Sep 17 14:34:26 localhost kernel: pci_bus 0000:05: resource 8 [mem 0x000a0000-0x000bffff window]
Sep 17 14:34:26 localhost kernel: pci_bus 0000:05: resource 9 [mem 0x000c0000-0x000dffff window]
Sep 17 14:34:26 localhost kernel: pci_bus 0000:05: resource 10 [mem 0xc0000000-0xffffffff window]
Sep 17 14:34:26 localhost kernel: NET: Registered protocol family 2
Sep 17 14:34:26 localhost kernel: tcp_listen_portaddr_hash hash table entries: 16384 (order: 6, 262144 bytes)
Sep 17 14:34:26 localhost kernel: TCP established hash table entries: 262144 (order: 9, 2097152 bytes)
Sep 17 14:34:26 localhost kernel: TCP bind hash table entries: 65536 (order: 8, 1048576 bytes)
Sep 17 14:34:26 localhost kernel: TCP: Hash tables configured (established 262144 bind 65536)
Sep 17 14:34:26 localhost kernel: UDP hash table entries: 16384 (order: 7, 524288 bytes)
Sep 17 14:34:26 localhost kernel: UDP-Lite hash table entries: 16384 (order: 7, 524288 bytes)
Sep 17 14:34:26 localhost kernel: NET: Registered protocol family 1
Sep 17 14:34:26 localhost kernel: pci 0000:00:12.0: quirk_usb_early_handoff+0x0/0x6c3 took 65179 usecs
Sep 17 14:34:26 localhost kernel: pci 0000:00:13.0: quirk_usb_early_handoff+0x0/0x6c3 took 63001 usecs
Sep 17 14:34:26 localhost kernel: pci 0000:00:14.5: quirk_usb_early_handoff+0x0/0x6c3 took 63247 usecs
Sep 17 14:34:26 localhost kernel: pci 0000:00:16.0: quirk_usb_early_handoff+0x0/0x6c3 took 63326 usecs
Sep 17 14:34:26 localhost kernel: pci 0000:01:00.0: Video device with shadowed ROM at [mem 0x000c0000-0x000dffff]
Sep 17 14:34:26 localhost kernel: pci 0000:01:00.1: Linked as a consumer to 0000:01:00.0
Sep 17 14:34:26 localhost kernel: PCI: CLS 64 bytes, default 64
Sep 17 14:34:26 localhost kernel: Unpacking initramfs...
Sep 17 14:34:26 localhost kernel: Freeing initrd memory: 49312K
Sep 17 14:34:26 localhost kernel: iommu: Adding device 0000:00:00.0 to group 0
Sep 17 14:34:26 localhost kernel: iommu: Adding device 0000:00:02.0 to group 1
Sep 17 14:34:26 localhost kernel: iommu: Adding device 0000:00:04.0 to group 2
Sep 17 14:34:26 localhost kernel: iommu: Adding device 0000:00:05.0 to group 3
Sep 17 14:34:26 localhost kernel: iommu: Adding device 0000:00:07.0 to group 4
Sep 17 14:34:26 localhost kernel: iommu: Adding device 0000:00:11.0 to group 5
Sep 17 14:34:26 localhost kernel: iommu: Adding device 0000:00:12.0 to group 6
Sep 17 14:34:26 localhost kernel: iommu: Adding device 0000:00:12.2 to group 6
Sep 17 14:34:26 localhost kernel: iommu: Adding device 0000:00:13.0 to group 7
Sep 17 14:34:26 localhost kernel: iommu: Adding device 0000:00:13.2 to group 7
Sep 17 14:34:26 localhost kernel: iommu: Adding device 0000:00:14.0 to group 8
Sep 17 14:34:26 localhost kernel: iommu: Adding device 0000:00:14.2 to group 9
Sep 17 14:34:26 localhost kernel: iommu: Adding device 0000:00:14.3 to group 10
Sep 17 14:34:26 localhost kernel: iommu: Adding device 0000:00:14.4 to group 11
Sep 17 14:34:26 localhost kernel: iommu: Adding device 0000:00:14.5 to group 12
Sep 17 14:34:26 localhost kernel: iommu: Adding device 0000:00:16.0 to group 13
Sep 17 14:34:26 localhost kernel: iommu: Adding device 0000:00:16.2 to group 13
Sep 17 14:34:26 localhost kernel: iommu: Adding device 0000:01:00.0 to group 14
Sep 17 14:34:26 localhost kernel: iommu: Adding device 0000:01:00.1 to group 14
Sep 17 14:34:26 localhost kernel: iommu: Adding device 0000:02:00.0 to group 15
Sep 17 14:34:26 localhost kernel: iommu: Adding device 0000:03:00.0 to group 16
Sep 17 14:34:26 localhost kernel: iommu: Adding device 0000:04:00.0 to group 17
Sep 17 14:34:26 localhost kernel: AMD-Vi: Found IOMMU at 0000:00:00.2 cap 0x40
Sep 17 14:34:26 localhost kernel: AMD-Vi: Interrupt remapping enabled
Sep 17 14:34:26 localhost kernel: AMD-Vi: Lazy IO/TLB flushing enabled
Sep 17 14:34:26 localhost kernel: amd_uncore: AMD NB counters detected
Sep 17 14:34:26 localhost kernel: LVT offset 0 assigned for vector 0x400
Sep 17 14:34:26 localhost kernel: perf: AMD IBS detected (0x000000ff)
Sep 17 14:34:26 localhost kernel: Initialise system trusted keyrings
Sep 17 14:34:26 localhost kernel: Key type blacklist registered
Sep 17 14:34:26 localhost kernel: workingset: timestamp_bits=36 max_order=23 bucket_order=0
Sep 17 14:34:26 localhost kernel: zbud: loaded
Sep 17 14:34:26 localhost kernel: pstore: using deflate compression
Sep 17 14:34:26 localhost kernel: SELinux:  Registering netfilter hooks
Sep 17 14:34:26 localhost kernel: alg: No test for 842 (842-generic)
Sep 17 14:34:26 localhost kernel: alg: No test for 842 (842-scomp)
Sep 17 14:34:26 localhost kernel: NET: Registered protocol family 38
Sep 17 14:34:26 localhost kernel: Key type asymmetric registered
Sep 17 14:34:26 localhost kernel: Asymmetric key parser 'x509' registered
Sep 17 14:34:26 localhost kernel: Block layer SCSI generic (bsg) driver version 0.4 loaded (major 244)
Sep 17 14:34:26 localhost kernel: io scheduler noop registered
Sep 17 14:34:26 localhost kernel: io scheduler deadline registered
Sep 17 14:34:26 localhost kernel: io scheduler cfq registered (default)
Sep 17 14:34:26 localhost kernel: io scheduler mq-deadline registered
Sep 17 14:34:26 localhost kernel: atomic64_test: passed for x86-64 platform with CX8 and with SSE
Sep 17 14:34:26 localhost kernel: shpchp: Standard Hot Plug PCI Controller Driver version: 0.4
Sep 17 14:34:26 localhost kernel: input: Power Button as /devices/LNXSYSTM:00/LNXSYBUS:00/PNP0C0C:00/input/input0
Sep 17 14:34:26 localhost kernel: ACPI: Power Button [PWRB]
Sep 17 14:34:26 localhost kernel: input: Power Button as /devices/LNXSYSTM:00/LNXPWRBN:00/input/input1
Sep 17 14:34:26 localhost kernel: ACPI: Power Button [PWRF]
Sep 17 14:34:26 localhost kernel: Serial: 8250/16550 driver, 32 ports, IRQ sharing enabled
Sep 17 14:34:26 localhost kernel: 00:06: ttyS0 at I/O 0x3f8 (irq = 4, base_baud = 115200) is a 16550A
Sep 17 14:34:26 localhost kernel: Non-volatile memory driver v1.3
Sep 17 14:34:26 localhost kernel: Linux agpgart interface v0.103
Sep 17 14:34:26 localhost kernel: ahci 0000:00:11.0: version 3.0
Sep 17 14:34:26 localhost kernel: ahci 0000:00:11.0: AHCI 0001.0200 32 slots 2 ports 6 Gbps 0x30 impl SATA mode
Sep 17 14:34:26 localhost kernel: ahci 0000:00:11.0: flags: 64bit ncq sntf ilck pm led clo pmp pio slum part 
Sep 17 14:34:26 localhost kernel: scsi host0: ahci
Sep 17 14:34:26 localhost kernel: scsi host1: ahci
Sep 17 14:34:26 localhost kernel: scsi host2: ahci
Sep 17 14:34:26 localhost kernel: scsi host3: ahci
Sep 17 14:34:26 localhost kernel: scsi host4: ahci
Sep 17 14:34:26 localhost kernel: scsi host5: ahci
Sep 17 14:34:26 localhost kernel: ata1: DUMMY
Sep 17 14:34:26 localhost kernel: ata2: DUMMY
Sep 17 14:34:26 localhost kernel: ata3: DUMMY
Sep 17 14:34:26 localhost kernel: ata4: DUMMY
Sep 17 14:34:26 localhost kernel: ata5: SATA max UDMA/133 abar m1024@0xfeb0b000 port 0xfeb0b300 irq 19
Sep 17 14:34:26 localhost kernel: ata6: SATA max UDMA/133 abar m1024@0xfeb0b000 port 0xfeb0b380 irq 19
Sep 17 14:34:26 localhost kernel: ehci_hcd: USB 2.0 'Enhanced' Host Controller (EHCI) Driver
Sep 17 14:34:26 localhost kernel: ehci-pci: EHCI PCI platform driver
Sep 17 14:34:26 localhost kernel: QUIRK: Enable AMD PLL fix
Sep 17 14:34:26 localhost kernel: ehci-pci 0000:00:12.2: EHCI Host Controller
Sep 17 14:34:26 localhost kernel: ehci-pci 0000:00:12.2: new USB bus registered, assigned bus number 1
Sep 17 14:34:26 localhost kernel: ehci-pci 0000:00:12.2: applying AMD SB700/SB800/Hudson-2/3 EHCI dummy qh workaround
Sep 17 14:34:26 localhost kernel: ehci-pci 0000:00:12.2: debug port 1
Sep 17 14:34:26 localhost kernel: ehci-pci 0000:00:12.2: irq 17, io mem 0xfeb09000
Sep 17 14:34:26 localhost kernel: ehci-pci 0000:00:12.2: USB 2.0 started, EHCI 1.00
Sep 17 14:34:26 localhost kernel: usb usb1: New USB device found, idVendor=1d6b, idProduct=0002, bcdDevice= 4.18
Sep 17 14:34:26 localhost kernel: usb usb1: New USB device strings: Mfr=3, Product=2, SerialNumber=1
Sep 17 14:34:26 localhost kernel: usb usb1: Product: EHCI Host Controller
Sep 17 14:34:26 localhost kernel: usb usb1: Manufacturer: Linux 4.18.7-300.fc29.x86_64 ehci_hcd
Sep 17 14:34:26 localhost kernel: usb usb1: SerialNumber: 0000:00:12.2
Sep 17 14:34:26 localhost kernel: hub 1-0:1.0: USB hub found
Sep 17 14:34:26 localhost kernel: hub 1-0:1.0: 5 ports detected
Sep 17 14:34:26 localhost kernel: ehci-pci 0000:00:13.2: EHCI Host Controller
Sep 17 14:34:26 localhost kernel: ehci-pci 0000:00:13.2: new USB bus registered, assigned bus number 2
Sep 17 14:34:26 localhost kernel: ehci-pci 0000:00:13.2: applying AMD SB700/SB800/Hudson-2/3 EHCI dummy qh workaround
Sep 17 14:34:26 localhost kernel: ehci-pci 0000:00:13.2: debug port 1
Sep 17 14:34:26 localhost kernel: ehci-pci 0000:00:13.2: irq 21, io mem 0xfeb07000
Sep 17 14:34:26 localhost kernel: ehci-pci 0000:00:13.2: USB 2.0 started, EHCI 1.00
Sep 17 14:34:26 localhost kernel: usb usb2: New USB device found, idVendor=1d6b, idProduct=0002, bcdDevice= 4.18
Sep 17 14:34:26 localhost kernel: usb usb2: New USB device strings: Mfr=3, Product=2, SerialNumber=1
Sep 17 14:34:26 localhost kernel: usb usb2: Product: EHCI Host Controller
Sep 17 14:34:26 localhost kernel: usb usb2: Manufacturer: Linux 4.18.7-300.fc29.x86_64 ehci_hcd
Sep 17 14:34:26 localhost kernel: usb usb2: SerialNumber: 0000:00:13.2
Sep 17 14:34:26 localhost kernel: hub 2-0:1.0: USB hub found
Sep 17 14:34:26 localhost kernel: hub 2-0:1.0: 5 ports detected
Sep 17 14:34:26 localhost kernel: ehci-pci 0000:00:16.2: EHCI Host Controller
Sep 17 14:34:26 localhost kernel: ehci-pci 0000:00:16.2: new USB bus registered, assigned bus number 3
Sep 17 14:34:26 localhost kernel: ehci-pci 0000:00:16.2: applying AMD SB700/SB800/Hudson-2/3 EHCI dummy qh workaround
Sep 17 14:34:26 localhost kernel: ehci-pci 0000:00:16.2: debug port 1
Sep 17 14:34:26 localhost kernel: ehci-pci 0000:00:16.2: irq 23, io mem 0xfeb04000
Sep 17 14:34:26 localhost kernel: ehci-pci 0000:00:16.2: USB 2.0 started, EHCI 1.00
Sep 17 14:34:26 localhost kernel: usb usb3: New USB device found, idVendor=1d6b, idProduct=0002, bcdDevice= 4.18
Sep 17 14:34:26 localhost kernel: usb usb3: New USB device strings: Mfr=3, Product=2, SerialNumber=1
Sep 17 14:34:26 localhost kernel: usb usb3: Product: EHCI Host Controller
Sep 17 14:34:26 localhost kernel: usb usb3: Manufacturer: Linux 4.18.7-300.fc29.x86_64 ehci_hcd
Sep 17 14:34:26 localhost kernel: usb usb3: SerialNumber: 0000:00:16.2
Sep 17 14:34:26 localhost kernel: hub 3-0:1.0: USB hub found
Sep 17 14:34:26 localhost kernel: hub 3-0:1.0: 4 ports detected
Sep 17 14:34:26 localhost kernel: ohci_hcd: USB 1.1 'Open' Host Controller (OHCI) Driver
Sep 17 14:34:26 localhost kernel: ohci-pci: OHCI PCI platform driver
Sep 17 14:34:26 localhost kernel: ohci-pci 0000:00:12.0: OHCI PCI host controller
Sep 17 14:34:26 localhost kernel: ohci-pci 0000:00:12.0: new USB bus registered, assigned bus number 4
Sep 17 14:34:26 localhost kernel: ohci-pci 0000:00:12.0: irq 18, io mem 0xfeb0a000
Sep 17 14:34:26 localhost kernel: usb usb4: New USB device found, idVendor=1d6b, idProduct=0001, bcdDevice= 4.18
Sep 17 14:34:26 localhost kernel: usb usb4: New USB device strings: Mfr=3, Product=2, SerialNumber=1
Sep 17 14:34:26 localhost kernel: usb usb4: Product: OHCI PCI host controller
Sep 17 14:34:26 localhost kernel: usb usb4: Manufacturer: Linux 4.18.7-300.fc29.x86_64 ohci_hcd
Sep 17 14:34:26 localhost kernel: usb usb4: SerialNumber: 0000:00:12.0
Sep 17 14:34:26 localhost kernel: hub 4-0:1.0: USB hub found
Sep 17 14:34:26 localhost kernel: hub 4-0:1.0: 5 ports detected
Sep 17 14:34:26 localhost kernel: ohci-pci 0000:00:13.0: OHCI PCI host controller
Sep 17 14:34:26 localhost kernel: ohci-pci 0000:00:13.0: new USB bus registered, assigned bus number 5
Sep 17 14:34:26 localhost kernel: ohci-pci 0000:00:13.0: irq 20, io mem 0xfeb08000
Sep 17 14:34:26 localhost kernel: usb usb5: New USB device found, idVendor=1d6b, idProduct=0001, bcdDevice= 4.18
Sep 17 14:34:26 localhost kernel: usb usb5: New USB device strings: Mfr=3, Product=2, SerialNumber=1
Sep 17 14:34:26 localhost kernel: usb usb5: Product: OHCI PCI host controller
Sep 17 14:34:26 localhost kernel: usb usb5: Manufacturer: Linux 4.18.7-300.fc29.x86_64 ohci_hcd
Sep 17 14:34:26 localhost kernel: usb usb5: SerialNumber: 0000:00:13.0
Sep 17 14:34:26 localhost kernel: hub 5-0:1.0: USB hub found
Sep 17 14:34:26 localhost kernel: hub 5-0:1.0: 5 ports detected
Sep 17 14:34:26 localhost kernel: ohci-pci 0000:00:14.5: OHCI PCI host controller
Sep 17 14:34:26 localhost kernel: ohci-pci 0000:00:14.5: new USB bus registered, assigned bus number 6
Sep 17 14:34:26 localhost kernel: ohci-pci 0000:00:14.5: irq 18, io mem 0xfeb06000
Sep 17 14:34:26 localhost kernel: usb usb6: New USB device found, idVendor=1d6b, idProduct=0001, bcdDevice= 4.18
Sep 17 14:34:26 localhost kernel: usb usb6: New USB device strings: Mfr=3, Product=2, SerialNumber=1
Sep 17 14:34:26 localhost kernel: usb usb6: Product: OHCI PCI host controller
Sep 17 14:34:26 localhost kernel: usb usb6: Manufacturer: Linux 4.18.7-300.fc29.x86_64 ohci_hcd
Sep 17 14:34:26 localhost kernel: usb usb6: SerialNumber: 0000:00:14.5
Sep 17 14:34:26 localhost kernel: hub 6-0:1.0: USB hub found
Sep 17 14:34:26 localhost kernel: hub 6-0:1.0: 2 ports detected
Sep 17 14:34:26 localhost kernel: ohci-pci 0000:00:16.0: OHCI PCI host controller
Sep 17 14:34:26 localhost kernel: ohci-pci 0000:00:16.0: new USB bus registered, assigned bus number 7
Sep 17 14:34:26 localhost kernel: ohci-pci 0000:00:16.0: irq 22, io mem 0xfeb05000
Sep 17 14:34:26 localhost kernel: usb usb7: New USB device found, idVendor=1d6b, idProduct=0001, bcdDevice= 4.18
Sep 17 14:34:26 localhost kernel: usb usb7: New USB device strings: Mfr=3, Product=2, SerialNumber=1
Sep 17 14:34:26 localhost kernel: usb usb7: Product: OHCI PCI host controller
Sep 17 14:34:26 localhost kernel: usb usb7: Manufacturer: Linux 4.18.7-300.fc29.x86_64 ohci_hcd
Sep 17 14:34:26 localhost kernel: usb usb7: SerialNumber: 0000:00:16.0
Sep 17 14:34:26 localhost kernel: hub 7-0:1.0: USB hub found
Sep 17 14:34:26 localhost kernel: hub 7-0:1.0: 4 ports detected
Sep 17 14:34:26 localhost kernel: uhci_hcd: USB Universal Host Controller Interface driver
Sep 17 14:34:26 localhost kernel: xhci_hcd 0000:03:00.0: xHCI Host Controller
Sep 17 14:34:26 localhost kernel: xhci_hcd 0000:03:00.0: new USB bus registered, assigned bus number 8
Sep 17 14:34:26 localhost kernel: xhci_hcd 0000:03:00.0: hcc params 0x0200e081 hci version 0x100 quirks 0x0000000010000410
Sep 17 14:34:26 localhost kernel: usb usb8: New USB device found, idVendor=1d6b, idProduct=0002, bcdDevice= 4.18
Sep 17 14:34:26 localhost kernel: usb usb8: New USB device strings: Mfr=3, Product=2, SerialNumber=1
Sep 17 14:34:26 localhost kernel: usb usb8: Product: xHCI Host Controller
Sep 17 14:34:26 localhost kernel: usb usb8: Manufacturer: Linux 4.18.7-300.fc29.x86_64 xhci-hcd
Sep 17 14:34:26 localhost kernel: usb usb8: SerialNumber: 0000:03:00.0
Sep 17 14:34:26 localhost kernel: hub 8-0:1.0: USB hub found
Sep 17 14:34:26 localhost kernel: hub 8-0:1.0: 2 ports detected
Sep 17 14:34:26 localhost kernel: xhci_hcd 0000:03:00.0: xHCI Host Controller
Sep 17 14:34:26 localhost kernel: xhci_hcd 0000:03:00.0: new USB bus registered, assigned bus number 9
Sep 17 14:34:26 localhost kernel: xhci_hcd 0000:03:00.0: Host supports USB 3.0  SuperSpeed
Sep 17 14:34:26 localhost kernel: usb usb9: We don't know the algorithms for LPM for this host, disabling LPM.
Sep 17 14:34:26 localhost kernel: usb usb9: New USB device found, idVendor=1d6b, idProduct=0003, bcdDevice= 4.18
Sep 17 14:34:26 localhost kernel: usb usb9: New USB device strings: Mfr=3, Product=2, SerialNumber=1
Sep 17 14:34:26 localhost kernel: usb usb9: Product: xHCI Host Controller
Sep 17 14:34:26 localhost kernel: usb usb9: Manufacturer: Linux 4.18.7-300.fc29.x86_64 xhci-hcd
Sep 17 14:34:26 localhost kernel: usb usb9: SerialNumber: 0000:03:00.0
Sep 17 14:34:26 localhost kernel: hub 9-0:1.0: USB hub found
Sep 17 14:34:26 localhost kernel: hub 9-0:1.0: 2 ports detected
Sep 17 14:34:26 localhost kernel: xhci_hcd 0000:04:00.0: xHCI Host Controller
Sep 17 14:34:26 localhost kernel: xhci_hcd 0000:04:00.0: new USB bus registered, assigned bus number 10
Sep 17 14:34:26 localhost kernel: usb 1-4: new high-speed USB device number 2 using ehci-pci
Sep 17 14:34:26 localhost kernel: xhci_hcd 0000:04:00.0: hcc params 0x0200e081 hci version 0x100 quirks 0x0000000010000410
Sep 17 14:34:26 localhost kernel: usb usb10: New USB device found, idVendor=1d6b, idProduct=0002, bcdDevice= 4.18
Sep 17 14:34:26 localhost kernel: usb usb10: New USB device strings: Mfr=3, Product=2, SerialNumber=1
Sep 17 14:34:26 localhost kernel: usb usb10: Product: xHCI Host Controller
Sep 17 14:34:26 localhost kernel: usb usb10: Manufacturer: Linux 4.18.7-300.fc29.x86_64 xhci-hcd
Sep 17 14:34:26 localhost kernel: usb usb10: SerialNumber: 0000:04:00.0
Sep 17 14:34:26 localhost kernel: hub 10-0:1.0: USB hub found
Sep 17 14:34:26 localhost kernel: hub 10-0:1.0: 2 ports detected
Sep 17 14:34:26 localhost kernel: xhci_hcd 0000:04:00.0: xHCI Host Controller
Sep 17 14:34:26 localhost kernel: xhci_hcd 0000:04:00.0: new USB bus registered, assigned bus number 11
Sep 17 14:34:26 localhost kernel: xhci_hcd 0000:04:00.0: Host supports USB 3.0  SuperSpeed
Sep 17 14:34:26 localhost kernel: usb usb11: We don't know the algorithms for LPM for this host, disabling LPM.
Sep 17 14:34:26 localhost kernel: usb usb11: New USB device found, idVendor=1d6b, idProduct=0003, bcdDevice= 4.18
Sep 17 14:34:26 localhost kernel: usb usb11: New USB device strings: Mfr=3, Product=2, SerialNumber=1
Sep 17 14:34:26 localhost kernel: usb usb11: Product: xHCI Host Controller
Sep 17 14:34:26 localhost kernel: usb usb11: Manufacturer: Linux 4.18.7-300.fc29.x86_64 xhci-hcd
Sep 17 14:34:26 localhost kernel: usb usb11: SerialNumber: 0000:04:00.0
Sep 17 14:34:26 localhost kernel: hub 11-0:1.0: USB hub found
Sep 17 14:34:26 localhost kernel: hub 11-0:1.0: 2 ports detected
Sep 17 14:34:26 localhost kernel: usbcore: registered new interface driver usbserial_generic
Sep 17 14:34:26 localhost kernel: usbserial: USB Serial support registered for generic
Sep 17 14:34:26 localhost kernel: i8042: PNP: No PS/2 controller found.
Sep 17 14:34:26 localhost kernel: mousedev: PS/2 mouse device common for all mice
Sep 17 14:34:26 localhost kernel: rtc_cmos 00:03: RTC can wake from S4
Sep 17 14:34:26 localhost kernel: rtc_cmos 00:03: registered as rtc0
Sep 17 14:34:26 localhost kernel: rtc_cmos 00:03: alarms up to one month, y3k, 114 bytes nvram, hpet irqs
Sep 17 14:34:26 localhost kernel: device-mapper: uevent: version 1.0.3
Sep 17 14:34:26 localhost kernel: device-mapper: ioctl: 4.39.0-ioctl (2018-04-03) initialised: dm-devel@redhat.com
Sep 17 14:34:26 localhost kernel: hidraw: raw HID events driver (C) Jiri Kosina
Sep 17 14:34:26 localhost kernel: usbcore: registered new interface driver usbhid
Sep 17 14:34:26 localhost kernel: usbhid: USB HID core driver
Sep 17 14:34:26 localhost kernel: drop_monitor: Initializing network drop monitor service
Sep 17 14:34:26 localhost kernel: Initializing XFRM netlink socket
Sep 17 14:34:26 localhost kernel: NET: Registered protocol family 10
Sep 17 14:34:26 localhost kernel: Segment Routing with IPv6
Sep 17 14:34:26 localhost kernel: mip6: Mobile IPv6
Sep 17 14:34:26 localhost kernel: NET: Registered protocol family 17
Sep 17 14:34:26 localhost kernel: RAS: Correctable Errors collector initialized.
Sep 17 14:34:26 localhost kernel: microcode: microcode updated early to new patch_level=0x06000852
Sep 17 14:34:26 localhost kernel: microcode: CPU0: patch_level=0x06000852
Sep 17 14:34:26 localhost kernel: microcode: CPU1: patch_level=0x06000852
Sep 17 14:34:26 localhost kernel: microcode: CPU2: patch_level=0x06000852
Sep 17 14:34:26 localhost kernel: microcode: CPU3: patch_level=0x06000852
Sep 17 14:34:26 localhost kernel: microcode: CPU4: patch_level=0x06000852
Sep 17 14:34:26 localhost kernel: microcode: CPU5: patch_level=0x06000852
Sep 17 14:34:26 localhost kernel: microcode: CPU6: patch_level=0x06000852
Sep 17 14:34:26 localhost kernel: microcode: CPU7: patch_level=0x06000852
Sep 17 14:34:26 localhost kernel: microcode: Microcode Update Driver: v2.2.
Sep 17 14:34:26 localhost kernel: AVX version of gcm_enc/dec engaged.
Sep 17 14:34:26 localhost kernel: AES CTR mode by8 optimization enabled
Sep 17 14:34:26 localhost kernel: sched_clock: Marking stable (1472859792, 0)->(1788853717, -315993925)
Sep 17 14:34:26 localhost kernel: registered taskstats version 1
Sep 17 14:34:26 localhost kernel: Loading compiled-in X.509 certificates
Sep 17 14:34:26 localhost kernel: Loaded X.509 cert 'Fedora kernel signing key: 1bdd76e99a8872b23bfb3adc2be60f9937c73048'
Sep 17 14:34:26 localhost kernel: zswap: loaded using pool lzo/zbud
Sep 17 14:34:26 localhost kernel: Key type big_key registered
Sep 17 14:34:26 localhost kernel: Key type encrypted registered
Sep 17 14:34:26 localhost kernel: ima: No TPM chip found, activating TPM-bypass! (rc=-19)
Sep 17 14:34:26 localhost kernel: ima: Allocated hash algorithm: sha1
Sep 17 14:34:26 localhost kernel:   Magic number: 2:554:601
Sep 17 14:34:26 localhost kernel: rtc_cmos 00:03: setting system clock to 2018-09-17 21:34:25 UTC (1537220065)
Sep 17 14:34:26 localhost kernel: ata5: SATA link up 6.0 Gbps (SStatus 133 SControl 300)
Sep 17 14:34:26 localhost kernel: ata6: SATA link up 6.0 Gbps (SStatus 133 SControl 300)
Sep 17 14:34:26 localhost kernel: ata5.00: ATA-8: WDC WD10EZEX-00RKKA0, 80.00A80, max UDMA/133
Sep 17 14:34:26 localhost kernel: ata5.00: 1953525168 sectors, multi 16: LBA48 NCQ (depth 32), AA
Sep 17 14:34:26 localhost kernel: ata6.00: NCQ Send/Recv Log not supported
Sep 17 14:34:26 localhost kernel: ata6.00: ATA-9: Samsung SSD 840 Series, DXT08B0Q, max UDMA/133
Sep 17 14:34:26 localhost kernel: ata6.00: 234441648 sectors, multi 16: LBA48 NCQ (depth 32), AA
Sep 17 14:34:26 localhost kernel: ata6.00: NCQ Send/Recv Log not supported
Sep 17 14:34:26 localhost kernel: ata6.00: configured for UDMA/133
Sep 17 14:34:26 localhost kernel: ata5.00: configured for UDMA/133
Sep 17 14:34:26 localhost kernel: scsi 4:0:0:0: Direct-Access     ATA      WDC WD10EZEX-00R 0A80 PQ: 0 ANSI: 5
Sep 17 14:34:26 localhost kernel: sd 4:0:0:0: Attached scsi generic sg0 type 0
Sep 17 14:34:26 localhost kernel: sd 4:0:0:0: [sda] 1953525168 512-byte logical blocks: (1.00 TB/932 GiB)
Sep 17 14:34:26 localhost kernel: sd 4:0:0:0: [sda] 4096-byte physical blocks
Sep 17 14:34:26 localhost kernel: sd 4:0:0:0: [sda] Write Protect is off
Sep 17 14:34:26 localhost kernel: scsi 5:0:0:0: Direct-Access     ATA      Samsung SSD 840  8B0Q PQ: 0 ANSI: 5
Sep 17 14:34:26 localhost kernel: sd 4:0:0:0: [sda] Mode Sense: 00 3a 00 00
Sep 17 14:34:26 localhost kernel: sd 4:0:0:0: [sda] Write cache: enabled, read cache: enabled, doesn't support DPO or FUA
Sep 17 14:34:26 localhost kernel: ata6.00: Enabling discard_zeroes_data
Sep 17 14:34:26 localhost kernel: sd 5:0:0:0: Attached scsi generic sg1 type 0
Sep 17 14:34:26 localhost kernel: sd 5:0:0:0: [sdb] 234441648 512-byte logical blocks: (120 GB/112 GiB)
Sep 17 14:34:26 localhost kernel: sd 5:0:0:0: [sdb] Write Protect is off
Sep 17 14:34:26 localhost kernel: sd 5:0:0:0: [sdb] Mode Sense: 00 3a 00 00
Sep 17 14:34:26 localhost kernel: sd 5:0:0:0: [sdb] Write cache: enabled, read cache: enabled, doesn't support DPO or FUA
Sep 17 14:34:26 localhost kernel: ata6.00: Enabling discard_zeroes_data
Sep 17 14:34:26 localhost kernel:  sdb: sdb1
Sep 17 14:34:26 localhost kernel: ata6.00: Enabling discard_zeroes_data
Sep 17 14:34:26 localhost kernel: sd 5:0:0:0: [sdb] Attached SCSI disk
Sep 17 14:34:26 localhost kernel: usb 1-4: New USB device found, idVendor=148f, idProduct=5372, bcdDevice= 1.01
Sep 17 14:34:26 localhost kernel: usb 1-4: New USB device strings: Mfr=1, Product=2, SerialNumber=3
Sep 17 14:34:26 localhost kernel: usb 1-4: Product: 802.11 n WLAN
Sep 17 14:34:26 localhost kernel: usb 1-4: Manufacturer: Ralink
Sep 17 14:34:26 localhost kernel:  sda: sda1 sda2 sda3 sda4 < sda5 sda6 sda7 sda8 sda9 >
Sep 17 14:34:26 localhost kernel: sd 4:0:0:0: [sda] Attached SCSI disk
Sep 17 14:34:26 localhost kernel: usb 5-1: new full-speed USB device number 2 using ohci-pci
Sep 17 14:34:26 localhost kernel: tsc: Refined TSC clocksource calibration: 4013.487 MHz
Sep 17 14:34:26 localhost kernel: clocksource: tsc: mask: 0xffffffffffffffff max_cycles: 0x39da2213606, max_idle_ns: 440795413470 ns
Sep 17 14:34:26 localhost kernel: Freeing unused kernel image memory: 2156K
Sep 17 14:34:26 localhost kernel: clocksource: Switched to clocksource tsc
Sep 17 14:34:26 localhost kernel: Write protecting the kernel read-only data: 18432k
Sep 17 14:34:26 localhost kernel: Freeing unused kernel image memory: 2012K
Sep 17 14:34:26 localhost kernel: Freeing unused kernel image memory: 44K
Sep 17 14:34:26 localhost kernel: x86/mm: Checked W+X mappings: passed, no W+X pages found.
Sep 17 14:34:26 localhost kernel: rodata_test: all tests were successful
Sep 17 14:34:26 localhost systemd[1]: systemd 239 running in system mode. (+PAM +AUDIT +SELINUX +IMA -APPARMOR +SMACK +SYSVINIT +UTMP +LIBCRYPTSETUP +GCRYPT +GNUTLS +ACL +XZ +LZ4 +SECCOMP +BLKID +ELFUTILS +KMOD +IDN2 -IDN +PCRE2 default-hierarchy=hybrid)
Sep 17 14:34:26 localhost kernel: usb 5-1: New USB device found, idVendor=046d, idProduct=c52b, bcdDevice=24.05
Sep 17 14:34:26 localhost kernel: usb 5-1: New USB device strings: Mfr=1, Product=2, SerialNumber=0
Sep 17 14:34:26 localhost kernel: usb 5-1: Product: USB Receiver
Sep 17 14:34:26 localhost kernel: usb 5-1: Manufacturer: Logitech
Sep 17 14:34:26 localhost systemd[1]: Detected architecture x86-64.
Sep 17 14:34:26 localhost systemd[1]: Running in initial RAM disk.
Sep 17 14:34:26 localhost systemd[1]: No hostname configured.
Sep 17 14:34:26 localhost systemd[1]: Set hostname to <localhost>.
Sep 17 14:34:26 localhost kernel: random: systemd: uninitialized urandom read (16 bytes read)
Sep 17 14:34:26 localhost systemd[1]: Initializing machine ID from random generator.
Sep 17 14:34:26 localhost kernel: random: systemd: uninitialized urandom read (16 bytes read)
Sep 17 14:34:26 localhost systemd[1]: Listening on udev Control Socket.
Sep 17 14:34:26 localhost kernel: random: systemd: uninitialized urandom read (16 bytes read)
Sep 17 14:34:26 localhost systemd[1]: Listening on Journal Audit Socket.
Sep 17 14:34:26 localhost systemd[1]: Reached target Swap.
Sep 17 14:34:26 localhost systemd[1]: Listening on udev Kernel Socket.
Sep 17 14:34:26 localhost kernel: audit: type=1130 audit(1537220066.171:2): pid=1 uid=0 auid=4294967295 ses=4294967295 subj=kernel msg='unit=systemd-tmpfiles-setup-dev comm="systemd" exe="/usr/lib/systemd/systemd" hostname=? addr=? terminal=? res=success'
Sep 17 14:34:26 localhost systemd-journald[256]: Journal started
Sep 17 14:34:26 localhost systemd-journald[256]: Runtime journal (/run/log/journal/a70ef535e6a54c1099356189a4c9ba4f) is 8.0M, max 1.5G, 1.5G free.
Sep 17 14:34:26 localhost audit[1]: SERVICE_START pid=1 uid=0 auid=4294967295 ses=4294967295 subj=kernel msg='unit=systemd-tmpfiles-setup-dev comm="systemd" exe="/usr/lib/systemd/systemd" hostname=? addr=? terminal=? res=success'
Sep 17 14:34:26 localhost systemd-tmpfiles[268]: Failed to parse ACL "d:group:adm:r-x,d:group:wheel:r-x": Invalid argument. Ignoring
Sep 17 14:34:26 localhost systemd-tmpfiles[268]: Failed to parse ACL "group:adm:r-x,group:wheel:r-x": Invalid argument. Ignoring
Sep 17 14:34:26 localhost dracut-cmdline[251]: dracut-29.20180916.0 (Workstation Edition) dracut-048-14.git20180726.fc29
Sep 17 14:34:26 localhost dracut-cmdline[251]: Using kernel command line parameters: BOOT_IMAGE=/ostree/fedora-workstation-1dff7dec65217518a3a01636abf6d7d930f40c4a5091a40ed0d827d42719921b/vmlinuz-4.18.7-300.fc29.x86_64 resume=UUID=90704e22-407e-488f-9f27-6b87a2aa035a video=1366x768@60 rhgb root=UUID=fa2718f7-3fee-49b1-acdc-02381a67afad ostree=/ostree/boot.0/fedora-workstation/1dff7dec65217518a3a01636abf6d7d930f40c4a5091a40ed0d827d42719921b/0
Sep 17 14:34:26 localhost audit[1]: SERVICE_START pid=1 uid=0 auid=4294967295 ses=4294967295 subj=kernel msg='unit=systemd-journald comm="systemd" exe="/usr/lib/systemd/systemd" hostname=? addr=? terminal=? res=success'
Sep 17 14:34:26 localhost systemd-tmpfiles[268]: Failed to parse ACL "group:adm:r--,group:wheel:r--": Invalid argument. Ignoring
Sep 17 14:34:26 localhost systemd-tmpfiles[268]: Failed to parse ACL "d:group::r-x,d:group:adm:r-x,d:group:wheel:r-x": Invalid argument. Ignoring
Sep 17 14:34:26 localhost systemd-tmpfiles[268]: Failed to parse ACL "group::r-x,group:adm:r-x,group:wheel:r-x": Invalid argument. Ignoring
Sep 17 14:34:26 localhost kernel: audit: type=1130 audit(1537220066.209:3): pid=1 uid=0 auid=4294967295 ses=4294967295 subj=kernel msg='unit=systemd-journald comm="systemd" exe="/usr/lib/systemd/systemd" hostname=? addr=? terminal=? res=success'
Sep 17 14:34:26 localhost systemd-tmpfiles[268]: Failed to parse ACL "d:group:adm:r-x,d:group:wheel:r-x": Invalid argument. Ignoring
Sep 17 14:34:26 localhost systemd-tmpfiles[268]: Failed to parse ACL "group:adm:r-x,group:wheel:r-x": Invalid argument. Ignoring
Sep 17 14:34:26 localhost systemd-tmpfiles[268]: Failed to parse ACL "group:adm:r--,group:wheel:r--": Invalid argument. Ignoring
Sep 17 14:34:26 localhost systemd[1]: Started dracut cmdline hook.
Sep 17 14:34:26 localhost audit[1]: SERVICE_START pid=1 uid=0 auid=4294967295 ses=4294967295 subj=kernel msg='unit=dracut-cmdline comm="systemd" exe="/usr/lib/systemd/systemd" hostname=? addr=? terminal=? res=success'
Sep 17 14:34:26 localhost systemd[1]: Starting dracut pre-udev hook...
Sep 17 14:34:26 localhost kernel: audit: type=1130 audit(1537220066.216:4): pid=1 uid=0 auid=4294967295 ses=4294967295 subj=kernel msg='unit=dracut-cmdline comm="systemd" exe="/usr/lib/systemd/systemd" hostname=? addr=? terminal=? res=success'
Sep 17 14:34:26 localhost systemd[1]: Started dracut pre-udev hook.
Sep 17 14:34:26 localhost audit[1]: SERVICE_START pid=1 uid=0 auid=4294967295 ses=4294967295 subj=kernel msg='unit=dracut-pre-udev comm="systemd" exe="/usr/lib/systemd/systemd" hostname=? addr=? terminal=? res=success'
Sep 17 14:34:26 localhost kernel: audit: type=1130 audit(1537220066.241:5): pid=1 uid=0 auid=4294967295 ses=4294967295 subj=kernel msg='unit=dracut-pre-udev comm="systemd" exe="/usr/lib/systemd/systemd" hostname=? addr=? terminal=? res=success'
Sep 17 14:34:26 localhost systemd[1]: Starting udev Kernel Device Manager...
Sep 17 14:34:26 localhost systemd-udevd[355]: Specified group 'tty' unknown
Sep 17 14:34:26 localhost systemd-udevd[355]: Specified group 'kmem' unknown
Sep 17 14:34:26 localhost systemd-udevd[355]: Specified group 'input' unknown
Sep 17 14:34:26 localhost systemd-udevd[355]: Specified group 'video' unknown
Sep 17 14:34:26 localhost systemd-udevd[355]: Specified group 'render' unknown
Sep 17 14:34:26 localhost systemd-udevd[355]: Specified group 'audio' unknown
Sep 17 14:34:26 localhost systemd-udevd[355]: Specified group 'lp' unknown
Sep 17 14:34:26 localhost systemd-udevd[355]: Specified group 'disk' unknown
Sep 17 14:34:26 localhost systemd-udevd[355]: Specified group 'kvm' unknown
Sep 17 14:34:26 localhost systemd[1]: Started udev Kernel Device Manager.
Sep 17 14:34:26 localhost audit[1]: SERVICE_START pid=1 uid=0 auid=4294967295 ses=4294967295 subj=kernel msg='unit=systemd-udevd comm="systemd" exe="/usr/lib/systemd/systemd" hostname=? addr=? terminal=? res=success'
Sep 17 14:34:26 localhost kernel: audit: type=1130 audit(1537220066.260:6): pid=1 uid=0 auid=4294967295 ses=4294967295 subj=kernel msg='unit=systemd-udevd comm="systemd" exe="/usr/lib/systemd/systemd" hostname=? addr=? terminal=? res=success'
Sep 17 14:34:26 localhost systemd[1]: Starting dracut pre-trigger hook...
Sep 17 14:34:26 localhost dracut-pre-trigger[357]: rd.md=0: removing MD RAID activation
Sep 17 14:34:26 localhost systemd[1]: Started dracut pre-trigger hook.
Sep 17 14:34:26 localhost audit[1]: SERVICE_START pid=1 uid=0 auid=4294967295 ses=4294967295 subj=kernel msg='unit=dracut-pre-trigger comm="systemd" exe="/usr/lib/systemd/systemd" hostname=? addr=? terminal=? res=success'
Sep 17 14:34:26 localhost kernel: audit: type=1130 audit(1537220066.312:7): pid=1 uid=0 auid=4294967295 ses=4294967295 subj=kernel msg='unit=dracut-pre-trigger comm="systemd" exe="/usr/lib/systemd/systemd" hostname=? addr=? terminal=? res=success'
Sep 17 14:34:26 localhost systemd[1]: Starting udev Coldplug all Devices...
Sep 17 14:34:26 localhost systemd-udevd[355]: Specified group 'tty' unknown
Sep 17 14:34:26 localhost systemd-udevd[355]: Specified group 'kmem' unknown
Sep 17 14:34:26 localhost systemd-udevd[355]: Specified group 'input' unknown
Sep 17 14:34:26 localhost systemd-udevd[355]: Specified group 'video' unknown
Sep 17 14:34:26 localhost systemd-udevd[355]: Specified group 'render' unknown
Sep 17 14:34:26 localhost systemd-udevd[355]: Specified group 'audio' unknown
Sep 17 14:34:26 localhost systemd-udevd[355]: Specified group 'lp' unknown
Sep 17 14:34:26 localhost systemd-udevd[355]: Specified group 'disk' unknown
Sep 17 14:34:26 localhost systemd-udevd[355]: Specified group 'kvm' unknown
Sep 17 14:34:26 localhost systemd[1]: Mounting Kernel Configuration File System...
Sep 17 14:34:26 localhost systemd[1]: Mounted Kernel Configuration File System.
Sep 17 14:34:26 localhost systemd[1]: Started udev Coldplug all Devices.
Sep 17 14:34:26 localhost audit[1]: SERVICE_START pid=1 uid=0 auid=4294967295 ses=4294967295 subj=kernel msg='unit=systemd-udev-trigger comm="systemd" exe="/usr/lib/systemd/systemd" hostname=? addr=? terminal=? res=success'
Sep 17 14:34:26 localhost kernel: audit: type=1130 audit(1537220066.397:8): pid=1 uid=0 auid=4294967295 ses=4294967295 subj=kernel msg='unit=systemd-udev-trigger comm="systemd" exe="/usr/lib/systemd/systemd" hostname=? addr=? terminal=? res=success'
Sep 17 14:34:26 localhost systemd[1]: Starting udev Wait for Complete Device Initialization...
Sep 17 14:34:26 localhost systemd[1]: Starting dracut initqueue hook...
Sep 17 14:34:26 localhost systemd[1]: Starting Show Plymouth Boot Screen...
Sep 17 14:34:26 localhost systemd[1]: Received SIGRTMIN+20 from PID 421 (plymouthd).
Sep 17 14:34:26 localhost kernel: logitech-djreceiver 0003:046D:C52B.0003: hiddev96,hidraw0: USB HID v1.11 Device [Logitech USB Receiver] on usb-0000:00:13.0-1/input2
Sep 17 14:34:26 localhost systemd[1]: Started Show Plymouth Boot Screen.
Sep 17 14:34:26 localhost audit[1]: SERVICE_START pid=1 uid=0 auid=4294967295 ses=4294967295 subj=kernel msg='unit=plymouth-start comm="systemd" exe="/usr/lib/systemd/systemd" hostname=? addr=? terminal=? res=success'
Sep 17 14:34:26 localhost kernel: audit: type=1130 audit(1537220066.417:9): pid=1 uid=0 auid=4294967295 ses=4294967295 subj=kernel msg='unit=plymouth-start comm="systemd" exe="/usr/lib/systemd/systemd" hostname=? addr=? terminal=? res=success'
Sep 17 14:34:26 localhost systemd-udevd[436]: link_config: autonegotiation is unset or enabled, the speed and duplex are not writable.
Sep 17 14:34:26 localhost systemd[1]: Reached target Local Encrypted Volumes.
Sep 17 14:34:26 localhost systemd[1]: Reached target Paths.
Sep 17 14:34:26 localhost systemd[1]: Started Forward Password Requests to Plymouth Directory Watch.
Sep 17 14:34:26 localhost kernel: input: Logitech Unifying Device. Wireless PID:401b Mouse as /devices/pci0000:00/0000:00:13.0/usb5/5-1/5-1:1.2/0003:046D:C52B.0003/0003:046D:401B.0004/input/input2
Sep 17 14:34:26 localhost kernel: hid-generic 0003:046D:401B.0004: input,hidraw1: USB HID v1.11 Mouse [Logitech Unifying Device. Wireless PID:401b] on usb-0000:00:13.0-1:1
Sep 17 14:34:26 localhost kernel: input: Logitech Unifying Device. Wireless PID:4016 Keyboard as /devices/pci0000:00/0000:00:13.0/usb5/5-1/5-1:1.2/0003:046D:C52B.0003/0003:046D:4016.0005/input/input11
Sep 17 14:34:26 localhost kernel: input: Logitech Unifying Device. Wireless PID:4016 Consumer Control as /devices/pci0000:00/0000:00:13.0/usb5/5-1/5-1:1.2/0003:046D:C52B.0003/0003:046D:4016.0005/input/input12
Sep 17 14:34:26 localhost kernel: input: Logitech Unifying Device. Wireless PID:4016 System Control as /devices/pci0000:00/0000:00:13.0/usb5/5-1/5-1:1.2/0003:046D:C52B.0003/0003:046D:4016.0005/input/input13
Sep 17 14:34:26 localhost kernel: input: Logitech Unifying Device. Wireless PID:4016 Keyboard as /devices/pci0000:00/0000:00:13.0/usb5/5-1/5-1:1.2/0003:046D:C52B.0003/0003:046D:4016.0005/input/input18
Sep 17 14:34:26 localhost kernel: hid-generic 0003:046D:4016.0005: input,hidraw2: USB HID v1.11 Keyboard [Logitech Unifying Device. Wireless PID:4016] on usb-0000:00:13.0-1:2
Sep 17 14:34:26 localhost kernel: [drm] radeon kernel modesetting enabled.
Sep 17 14:34:26 localhost kernel: [drm] initializing kernel modesetting (BONAIRE 0x1002:0x665C 0x174B:0xE253 0x00).
Sep 17 14:34:26 localhost kernel: [drm] doorbell mmio base: 0xD0000000
Sep 17 14:34:26 localhost kernel: [drm] doorbell mmio size: 8388608
Sep 17 14:34:26 localhost kernel: ATOM BIOS: C58203
Sep 17 14:34:26 localhost kernel: radeon 0000:01:00.0: VRAM: 1024M 0x0000000000000000 - 0x000000003FFFFFFF (1024M used)
Sep 17 14:34:26 localhost kernel: radeon 0000:01:00.0: GTT: 2048M 0x0000000040000000 - 0x00000000BFFFFFFF
Sep 17 14:34:26 localhost kernel: [drm] Detected VRAM RAM=1024M, BAR=256M
Sep 17 14:34:26 localhost kernel: [drm] RAM width 128bits DDR
Sep 17 14:34:26 localhost kernel: [TTM] Zone  kernel: Available graphics memory: 16451438 kiB
Sep 17 14:34:26 localhost kernel: [TTM] Zone   dma32: Available graphics memory: 2097152 kiB
Sep 17 14:34:26 localhost kernel: [TTM] Initializing pool allocator
Sep 17 14:34:26 localhost kernel: [TTM] Initializing DMA pool allocator
Sep 17 14:34:26 localhost kernel: [drm] radeon: 1024M of VRAM memory ready
Sep 17 14:34:26 localhost kernel: [drm] radeon: 2048M of GTT memory ready.
Sep 17 14:34:26 localhost kernel: [drm] Loading bonaire Microcode
Sep 17 14:34:26 localhost kernel: [drm] Internal thermal controller with fan control
Sep 17 14:34:26 localhost kernel: [drm] probing gen 2 caps for device 1002:5a16 = 33ed02/0
Sep 17 14:34:26 localhost kernel: [drm] radeon: dpm initialized
Sep 17 14:34:26 localhost kernel: [drm] Found UVD firmware Version: 1.64 Family ID: 9
Sep 17 14:34:26 localhost kernel: [drm] Found VCE firmware/feedback version 40.2.2 / 15!
Sep 17 14:34:26 localhost kernel: [drm] GART: num cpu pages 524288, num gpu pages 524288
Sep 17 14:34:26 localhost kernel: [drm] probing gen 2 caps for device 1002:5a16 = 33ed02/0
Sep 17 14:34:26 localhost kernel: [drm] PCIE gen 2 link speeds already enabled
Sep 17 14:34:26 localhost kernel: [drm] PCIE GART of 2048M enabled (table at 0x000000000030E000).
Sep 17 14:34:26 localhost kernel: radeon 0000:01:00.0: WB enabled
Sep 17 14:34:26 localhost kernel: radeon 0000:01:00.0: fence driver on ring 0 use gpu addr 0x0000000040000c00 and cpu addr 0x(____ptrval____)
Sep 17 14:34:26 localhost kernel: radeon 0000:01:00.0: fence driver on ring 1 use gpu addr 0x0000000040000c04 and cpu addr 0x(____ptrval____)
Sep 17 14:34:26 localhost kernel: radeon 0000:01:00.0: fence driver on ring 2 use gpu addr 0x0000000040000c08 and cpu addr 0x(____ptrval____)
Sep 17 14:34:26 localhost kernel: radeon 0000:01:00.0: fence driver on ring 3 use gpu addr 0x0000000040000c0c and cpu addr 0x(____ptrval____)
Sep 17 14:34:26 localhost kernel: radeon 0000:01:00.0: fence driver on ring 4 use gpu addr 0x0000000040000c10 and cpu addr 0x(____ptrval____)
Sep 17 14:34:26 localhost kernel: radeon 0000:01:00.0: fence driver on ring 5 use gpu addr 0x0000000000078d30 and cpu addr 0x(____ptrval____)
Sep 17 14:34:26 localhost kernel: radeon 0000:01:00.0: fence driver on ring 6 use gpu addr 0x0000000040000c18 and cpu addr 0x(____ptrval____)
Sep 17 14:34:26 localhost kernel: radeon 0000:01:00.0: fence driver on ring 7 use gpu addr 0x0000000040000c1c and cpu addr 0x(____ptrval____)
Sep 17 14:34:26 localhost kernel: [drm] Supports vblank timestamp caching Rev 2 (21.10.2013).
Sep 17 14:34:26 localhost kernel: [drm] Driver supports precise vblank timestamp query.
Sep 17 14:34:26 localhost kernel: radeon 0000:01:00.0: radeon: using MSI.
Sep 17 14:34:26 localhost kernel: [drm] radeon: irq initialized.
Sep 17 14:34:26 localhost kernel: [drm] ring test on 0 succeeded in 3 usecs
Sep 17 14:34:26 localhost kernel: [drm] ring test on 1 succeeded in 3 usecs
Sep 17 14:34:26 localhost kernel: [drm] ring test on 2 succeeded in 3 usecs
Sep 17 14:34:26 localhost kernel: [drm] ring test on 3 succeeded in 5 usecs
Sep 17 14:34:26 localhost kernel: [drm] ring test on 4 succeeded in 5 usecs
Sep 17 14:34:26 localhost kernel: [drm] ring test on 5 succeeded in 2 usecs
Sep 17 14:34:26 localhost kernel: [drm] UVD initialized successfully.
Sep 17 14:34:26 localhost systemd[1]: Found device WDC_WD10EZEX-00RKKA0 1.
Sep 17 14:34:26 localhost systemd[1]: Starting Resume from hibernation using device /dev/disk/by-uuid/90704e22-407e-488f-9f27-6b87a2aa035a...
Sep 17 14:34:26 localhost kernel: [drm] ring test on 6 succeeded in 18 usecs
Sep 17 14:34:26 localhost kernel: [drm] ring test on 7 succeeded in 4 usecs
Sep 17 14:34:26 localhost kernel: [drm] VCE initialized successfully.
Sep 17 14:34:26 localhost kernel: [drm] ib test on ring 0 succeeded in 0 usecs
Sep 17 14:34:26 localhost kernel: [drm] ib test on ring 1 succeeded in 0 usecs
Sep 17 14:34:26 localhost kernel: [drm] ib test on ring 2 succeeded in 0 usecs
Sep 17 14:34:26 localhost kernel: [drm] ib test on ring 3 succeeded in 0 usecs
Sep 17 14:34:26 localhost kernel: [drm] ib test on ring 4 succeeded in 0 usecs
Sep 17 14:34:26 localhost kernel: input: Logitech M215 2nd Gen as /devices/pci0000:00/0000:00:13.0/usb5/5-1/5-1:1.2/0003:046D:C52B.0003/0003:046D:401B.0004/input/input23
Sep 17 14:34:26 localhost kernel: logitech-hidpp-device 0003:046D:401B.0004: input,hidraw1: USB HID v1.11 Mouse [Logitech M215 2nd Gen] on usb-0000:00:13.0-1:1
Sep 17 14:34:26 localhost kernel: random: fast init done
Sep 17 14:34:27 localhost systemd-hibernate-resume[449]: Could not resume from '/dev/disk/by-uuid/90704e22-407e-488f-9f27-6b87a2aa035a' (8:1).
Sep 17 14:34:27 localhost kernel: PM: Image not found (code -22)
Sep 17 14:34:27 localhost systemd[1]: Started Resume from hibernation using device /dev/disk/by-uuid/90704e22-407e-488f-9f27-6b87a2aa035a.
Sep 17 14:34:27 localhost audit[1]: SERVICE_START pid=1 uid=0 auid=4294967295 ses=4294967295 subj=kernel msg='unit=systemd-hibernate-resume@dev-disk-by\x2duuid-90704e22\x2d407e\x2d488f\x2d9f27\x2d6b87a2aa035a comm="systemd" exe="/usr/lib/systemd/systemd" hostname=? addr=? terminal=? res=success'
Sep 17 14:34:27 localhost audit[1]: SERVICE_STOP pid=1 uid=0 auid=4294967295 ses=4294967295 subj=kernel msg='unit=systemd-hibernate-resume@dev-disk-by\x2duuid-90704e22\x2d407e\x2d488f\x2d9f27\x2d6b87a2aa035a comm="systemd" exe="/usr/lib/systemd/systemd" hostname=? addr=? terminal=? res=success'
Sep 17 14:34:27 localhost kernel: audit: type=1130 audit(1537220067.057:10): pid=1 uid=0 auid=4294967295 ses=4294967295 subj=kernel msg='unit=systemd-hibernate-resume@dev-disk-by\x2duuid-90704e22\x2d407e\x2d488f\x2d9f27\x2d6b87a2aa035a comm="systemd" exe="/usr/lib/systemd/systemd" hostname=? addr=? terminal=? res=success'
Sep 17 14:34:27 localhost kernel: random: crng init done
Sep 17 14:34:27 localhost kernel: random: 7 urandom warning(s) missed due to ratelimiting
Sep 17 14:34:27 localhost kernel: input: Logitech K330 as /devices/pci0000:00/0000:00:13.0/usb5/5-1/5-1:1.2/0003:046D:C52B.0003/0003:046D:4016.0005/input/input24
Sep 17 14:34:27 localhost kernel: logitech-hidpp-device 0003:046D:4016.0005: input,hidraw2: USB HID v1.11 Keyboard [Logitech K330] on usb-0000:00:13.0-1:2
Sep 17 14:34:27 localhost kernel: [drm] ib test on ring 5 succeeded
Sep 17 14:34:27 localhost kernel: [drm] ib test on ring 6 succeeded
Sep 17 14:34:27 localhost kernel: [drm] ib test on ring 7 succeeded
Sep 17 14:34:27 localhost kernel: [drm] Radeon Display Connectors
Sep 17 14:34:27 localhost kernel: [drm] Connector 0:
Sep 17 14:34:27 localhost kernel: [drm]   DP-1
Sep 17 14:34:27 localhost kernel: [drm]   HPD2
Sep 17 14:34:27 localhost kernel: [drm]   DDC: 0x6530 0x6530 0x6534 0x6534 0x6538 0x6538 0x653c 0x653c
Sep 17 14:34:27 localhost kernel: [drm]   Encoders:
Sep 17 14:34:27 localhost kernel: [drm]     DFP1: INTERNAL_UNIPHY2
Sep 17 14:34:27 localhost kernel: [drm] Connector 1:
Sep 17 14:34:27 localhost kernel: [drm]   HDMI-A-1
Sep 17 14:34:27 localhost kernel: [drm]   HPD3
Sep 17 14:34:27 localhost kernel: [drm]   DDC: 0x6550 0x6550 0x6554 0x6554 0x6558 0x6558 0x655c 0x655c
Sep 17 14:34:27 localhost kernel: [drm]   Encoders:
Sep 17 14:34:27 localhost kernel: [drm]     DFP2: INTERNAL_UNIPHY2
Sep 17 14:34:27 localhost kernel: [drm] Connector 2:
Sep 17 14:34:27 localhost kernel: [drm]   DVI-D-1
Sep 17 14:34:27 localhost kernel: [drm]   HPD1
Sep 17 14:34:27 localhost kernel: [drm]   DDC: 0x6560 0x6560 0x6564 0x6564 0x6568 0x6568 0x656c 0x656c
Sep 17 14:34:27 localhost kernel: [drm]   Encoders:
Sep 17 14:34:27 localhost kernel: [drm]     DFP3: INTERNAL_UNIPHY1
Sep 17 14:34:27 localhost kernel: [drm] Connector 3:
Sep 17 14:34:27 localhost kernel: [drm]   DVI-I-1
Sep 17 14:34:27 localhost kernel: [drm]   HPD6
Sep 17 14:34:27 localhost kernel: [drm]   DDC: 0x6580 0x6580 0x6584 0x6584 0x6588 0x6588 0x658c 0x658c
Sep 17 14:34:27 localhost kernel: [drm]   Encoders:
Sep 17 14:34:27 localhost kernel: [drm]     DFP4: INTERNAL_UNIPHY
Sep 17 14:34:27 localhost kernel: [drm]     CRT1: INTERNAL_KLDSCP_DAC1
Sep 17 14:34:27 localhost systemd[1]: Found device WDC_WD10EZEX-00RKKA0 8.
Sep 17 14:34:27 localhost systemd[1]: Reached target Initrd Root Device.
Sep 17 14:34:27 localhost kernel: [drm] fb mappable at 0xC0721000
Sep 17 14:34:27 localhost kernel: [drm] vram apper at 0xC0000000
Sep 17 14:34:27 localhost kernel: [drm] size 4325376
Sep 17 14:34:27 localhost kernel: [drm] fb depth is 24
Sep 17 14:34:27 localhost kernel: [drm]    pitch is 5632
Sep 17 14:34:27 localhost kernel: fbcon: radeondrmfb (fb0) is primary device
Sep 17 14:34:27 localhost kernel: Console: switching to colour frame buffer device 170x48
Sep 17 14:34:27 localhost kernel: radeon 0000:01:00.0: fb0: radeondrmfb frame buffer device
Sep 17 14:34:27 localhost kernel: [drm] Initialized radeon 2.50.0 20080528 for 0000:01:00.0 on minor 0
Sep 17 14:34:27 localhost kernel: [drm] amdgpu kernel modesetting enabled.
Sep 17 14:34:31 localhost systemd[1]: Started udev Wait for Complete Device Initialization.
Sep 17 14:34:31 localhost audit[1]: SERVICE_START pid=1 uid=0 auid=4294967295 ses=4294967295 subj=kernel msg='unit=systemd-udev-settle comm="systemd" exe="/usr/lib/systemd/systemd" hostname=? addr=? terminal=? res=success'
Sep 17 14:34:31 localhost kernel: kauditd_printk_skb: 1 callbacks suppressed
Sep 17 14:34:31 localhost kernel: audit: type=1130 audit(1537220071.705:12): pid=1 uid=0 auid=4294967295 ses=4294967295 subj=kernel msg='unit=systemd-udev-settle comm="systemd" exe="/usr/lib/systemd/systemd" hostname=? addr=? terminal=? res=success'
Sep 17 14:34:31 localhost systemd[1]: Starting Device-Mapper Multipath Device Controller...
Sep 17 14:34:31 localhost systemd[1]: Started dracut initqueue hook.
Sep 17 14:34:31 localhost audit[1]: SERVICE_START pid=1 uid=0 auid=4294967295 ses=4294967295 subj=kernel msg='unit=dracut-initqueue comm="systemd" exe="/usr/lib/systemd/systemd" hostname=? addr=? terminal=? res=success'
Sep 17 14:34:31 localhost systemd[1]: Reached target Remote File Systems (Pre).
Sep 17 14:34:31 localhost systemd[1]: Reached target Remote File Systems.
Sep 17 14:34:31 localhost kernel: audit: type=1130 audit(1537220071.707:13): pid=1 uid=0 auid=4294967295 ses=4294967295 subj=kernel msg='unit=dracut-initqueue comm="systemd" exe="/usr/lib/systemd/systemd" hostname=? addr=? terminal=? res=success'
Sep 17 14:34:31 localhost systemd[1]: Starting dracut pre-mount hook...
Sep 17 14:34:31 localhost systemd[1]: Started Device-Mapper Multipath Device Controller.
Sep 17 14:34:31 localhost audit[1]: SERVICE_START pid=1 uid=0 auid=4294967295 ses=4294967295 subj=kernel msg='unit=multipathd comm="systemd" exe="/usr/lib/systemd/systemd" hostname=? addr=? terminal=? res=success'
Sep 17 14:34:31 localhost systemd[1]: Reached target Local File Systems (Pre).
Sep 17 14:34:31 localhost systemd[1]: Reached target Local File Systems.
Sep 17 14:34:31 localhost kernel: audit: type=1130 audit(1537220071.712:14): pid=1 uid=0 auid=4294967295 ses=4294967295 subj=kernel msg='unit=multipathd comm="systemd" exe="/usr/lib/systemd/systemd" hostname=? addr=? terminal=? res=success'
Sep 17 14:34:31 localhost systemd[1]: Starting Create Volatile Files and Directories...
Sep 17 14:34:31 localhost multipathd[464]: --------start up--------
Sep 17 14:34:31 localhost multipathd[464]: read /etc/multipath.conf
Sep 17 14:34:31 localhost multipathd[464]: /etc/multipath.conf does not exist, blacklisting all devices.
Sep 17 14:34:31 localhost multipathd[464]: You can run "/sbin/mpathconf --enable" to create
Sep 17 14:34:31 localhost multipathd[464]: /etc/multipath.conf. See man mpathconf(8) for more details
Sep 17 14:34:31 localhost systemd-tmpfiles[465]: [/usr/lib/tmpfiles.d/systemd.conf:11] Unknown group 'utmp'.
Sep 17 14:34:31 localhost systemd-tmpfiles[465]: [/usr/lib/tmpfiles.d/systemd.conf:25] Unknown group 'systemd-journal'.
Sep 17 14:34:31 localhost systemd-tmpfiles[465]: [/usr/lib/tmpfiles.d/systemd.conf:26] Unknown group 'systemd-journal'.
Sep 17 14:34:31 localhost systemd-tmpfiles[465]: Failed to parse ACL "d:group:adm:r-x,d:group:wheel:r-x": Invalid argument. Ignoring
Sep 17 14:34:31 localhost systemd-tmpfiles[465]: Failed to parse ACL "group:adm:r-x,group:wheel:r-x": Invalid argument. Ignoring
Sep 17 14:34:31 localhost systemd-tmpfiles[465]: Failed to parse ACL "group:adm:r--,group:wheel:r--": Invalid argument. Ignoring
Sep 17 14:34:31 localhost systemd-tmpfiles[465]: [/usr/lib/tmpfiles.d/systemd.conf:32] Unknown group 'systemd-journal'.
Sep 17 14:34:31 localhost systemd-tmpfiles[465]: [/usr/lib/tmpfiles.d/systemd.conf:33] Unknown group 'systemd-journal'.
Sep 17 14:34:31 localhost systemd-tmpfiles[465]: [/usr/lib/tmpfiles.d/systemd.conf:34] Unknown group 'systemd-journal'.
Sep 17 14:34:31 localhost systemd-tmpfiles[465]: Failed to parse ACL "d:group::r-x,d:group:adm:r-x,d:group:wheel:r-x": Invalid argument. Ignoring
Sep 17 14:34:31 localhost systemd-tmpfiles[465]: Failed to parse ACL "group::r-x,group:adm:r-x,group:wheel:r-x": Invalid argument. Ignoring
Sep 17 14:34:31 localhost systemd-tmpfiles[465]: Failed to parse ACL "d:group:adm:r-x,d:group:wheel:r-x": Invalid argument. Ignoring
Sep 17 14:34:31 localhost systemd-tmpfiles[465]: Failed to parse ACL "group:adm:r-x,group:wheel:r-x": Invalid argument. Ignoring
Sep 17 14:34:31 localhost systemd-tmpfiles[465]: Failed to parse ACL "group:adm:r--,group:wheel:r--": Invalid argument. Ignoring
Sep 17 14:34:31 localhost multipathd[464]: path checkers start up
Sep 17 14:34:31 localhost multipathd[464]: /etc/multipath.conf does not exist, blacklisting all devices.
Sep 17 14:34:31 localhost multipathd[464]: You can run "/sbin/mpathconf --enable" to create
Sep 17 14:34:31 localhost multipathd[464]: /etc/multipath.conf. See man mpathconf(8) for more details
Sep 17 14:34:31 localhost systemd[1]: Started dracut pre-mount hook.
Sep 17 14:34:31 localhost audit[1]: SERVICE_START pid=1 uid=0 auid=4294967295 ses=4294967295 subj=kernel msg='unit=dracut-pre-mount comm="systemd" exe="/usr/lib/systemd/systemd" hostname=? addr=? terminal=? res=success'
Sep 17 14:34:31 localhost systemd[1]: Starting File System Check on /dev/disk/by-uuid/fa2718f7-3fee-49b1-acdc-02381a67afad...
Sep 17 14:34:31 localhost kernel: audit: type=1130 audit(1537220071.720:15): pid=1 uid=0 auid=4294967295 ses=4294967295 subj=kernel msg='unit=dracut-pre-mount comm="systemd" exe="/usr/lib/systemd/systemd" hostname=? addr=? terminal=? res=success'
Sep 17 14:34:31 localhost systemd[1]: Started Create Volatile Files and Directories.
Sep 17 14:34:31 localhost audit[1]: SERVICE_START pid=1 uid=0 auid=4294967295 ses=4294967295 subj=kernel msg='unit=systemd-tmpfiles-setup comm="systemd" exe="/usr/lib/systemd/systemd" hostname=? addr=? terminal=? res=success'
Sep 17 14:34:31 localhost systemd[1]: Reached target System Initialization.
Sep 17 14:34:31 localhost systemd[1]: Reached target Basic System.
Sep 17 14:34:31 localhost kernel: audit: type=1130 audit(1537220071.721:16): pid=1 uid=0 auid=4294967295 ses=4294967295 subj=kernel msg='unit=systemd-tmpfiles-setup comm="systemd" exe="/usr/lib/systemd/systemd" hostname=? addr=? terminal=? res=success'
Sep 17 14:34:31 localhost systemd-fsck[475]: /dev/sda8: clean, 139735/3276800 files, 1432492/13107200 blocks
Sep 17 14:34:31 localhost systemd[1]: Started File System Check on /dev/disk/by-uuid/fa2718f7-3fee-49b1-acdc-02381a67afad.
Sep 17 14:34:31 localhost audit[1]: SERVICE_START pid=1 uid=0 auid=4294967295 ses=4294967295 subj=kernel msg='unit=systemd-fsck-root comm="systemd" exe="/usr/lib/systemd/systemd" hostname=? addr=? terminal=? res=success'
Sep 17 14:34:31 localhost systemd[1]: Mounting /sysroot...
Sep 17 14:34:31 localhost kernel: audit: type=1130 audit(1537220071.819:17): pid=1 uid=0 auid=4294967295 ses=4294967295 subj=kernel msg='unit=systemd-fsck-root comm="systemd" exe="/usr/lib/systemd/systemd" hostname=? addr=? terminal=? res=success'
Sep 17 14:34:31 localhost systemd[1]: Mounted /sysroot.
Sep 17 14:34:31 localhost systemd[1]: Reached target Initrd Root File System.
Sep 17 14:34:31 localhost kernel: EXT4-fs (sda8): mounted filesystem with ordered data mode. Opts: (null)
Sep 17 14:34:31 localhost systemd[1]: Starting Reload Configuration from the Real Root...
Sep 17 14:34:31 localhost systemd[1]: Reloading.
Sep 17 14:34:31 localhost systemd[1]: Started Reload Configuration from the Real Root.
Sep 17 14:34:31 localhost audit[1]: SERVICE_START pid=1 uid=0 auid=4294967295 ses=4294967295 subj=kernel msg='unit=initrd-parse-etc comm="systemd" exe="/usr/lib/systemd/systemd" hostname=? addr=? terminal=? res=success'
Sep 17 14:34:31 localhost audit[1]: SERVICE_STOP pid=1 uid=0 auid=4294967295 ses=4294967295 subj=kernel msg='unit=initrd-parse-etc comm="systemd" exe="/usr/lib/systemd/systemd" hostname=? addr=? terminal=? res=success'
Sep 17 14:34:31 localhost systemd[1]: Reached target Initrd File Systems.
Sep 17 14:34:31 localhost systemd[1]: Reached target Initrd Default Target.
Sep 17 14:34:31 localhost kernel: audit: type=1130 audit(1537220071.967:18): pid=1 uid=0 auid=4294967295 ses=4294967295 subj=kernel msg='unit=initrd-parse-etc comm="systemd" exe="/usr/lib/systemd/systemd" hostname=? addr=? terminal=? res=success'
Sep 17 14:34:31 localhost kernel: audit: type=1131 audit(1537220071.967:19): pid=1 uid=0 auid=4294967295 ses=4294967295 subj=kernel msg='unit=initrd-parse-etc comm="systemd" exe="/usr/lib/systemd/systemd" hostname=? addr=? terminal=? res=success'
Sep 17 14:34:31 localhost systemd[1]: Starting dracut pre-pivot and cleanup hook...
Sep 17 14:34:31 localhost dracut-pre-pivot[514]: Sep 17 21:34:31 | /etc/multipath.conf does not exist, blacklisting all devices.
Sep 17 14:34:31 localhost dracut-pre-pivot[514]: Sep 17 21:34:31 | You can run "/sbin/mpathconf --enable" to create
Sep 17 14:34:31 localhost dracut-pre-pivot[514]: Sep 17 21:34:31 | /etc/multipath.conf. See man mpathconf(8) for more details
Sep 17 14:34:31 localhost systemd[1]: Started dracut pre-pivot and cleanup hook.
Sep 17 14:34:31 localhost audit[1]: SERVICE_START pid=1 uid=0 auid=4294967295 ses=4294967295 subj=kernel msg='unit=dracut-pre-pivot comm="systemd" exe="/usr/lib/systemd/systemd" hostname=? addr=? terminal=? res=success'
Sep 17 14:34:31 localhost kernel: audit: type=1130 audit(1537220071.989:20): pid=1 uid=0 auid=4294967295 ses=4294967295 subj=kernel msg='unit=dracut-pre-pivot comm="systemd" exe="/usr/lib/systemd/systemd" hostname=? addr=? terminal=? res=success'
Sep 17 14:34:31 localhost systemd[1]: Starting Cleaning Up and Shutting Down Daemons...
Sep 17 14:34:31 localhost systemd[1]: Stopped target Timers.
Sep 17 14:34:31 localhost systemd[1]: Starting Setup Virtual Console...
Sep 17 14:34:31 localhost systemd[1]: Stopped dracut pre-pivot and cleanup hook.
Sep 17 14:34:31 localhost audit[1]: SERVICE_STOP pid=1 uid=0 auid=4294967295 ses=4294967295 subj=kernel msg='unit=dracut-pre-pivot comm="systemd" exe="/usr/lib/systemd/systemd" hostname=? addr=? terminal=? res=success'
Sep 17 14:34:31 localhost systemd[1]: Stopped target Initrd Default Target.
Sep 17 14:34:31 localhost systemd[1]: Stopped target Basic System.
Sep 17 14:34:31 localhost systemd[1]: Stopped target System Initialization.
Sep 17 14:34:32 localhost systemd[1]: Stopped Create Volatile Files and Directories.
Sep 17 14:34:31 localhost audit[1]: SERVICE_START pid=1 uid=0 auid=4294967295 ses=4294967295 subj=kernel msg='unit=systemd-tmpfiles-setup comm="systemd" exe="/usr/lib/systemd/systemd" hostname=? addr=? terminal=? res=success'
Sep 17 14:34:31 localhost audit[1]: SERVICE_STOP pid=1 uid=0 auid=4294967295 ses=4294967295 subj=kernel msg='unit=systemd-tmpfiles-setup comm="systemd" exe="/usr/lib/systemd/systemd" hostname=? addr=? terminal=? res=success'
Sep 17 14:34:32 localhost systemd[1]: Stopped target Swap.
